###############################################################################
#
# IAR ELF Linker V2.20.1.176 for STM8                     12/Apr/2020  22:48:30
# Copyright 2010-2015 IAR Systems AB.
#
#    Output file  =  
#        D:\STM\STM8\Projects\IAR_STM8S003F3P6_24L01+\Release\Exe\Controller_NRF24L01_TX.out
#    Map file     =  
#        D:\STM\STM8\Projects\IAR_STM8S003F3P6_24L01+\Release\List\Controller_NRF24L01_TX.map
#    Command line =  
#        D:\STM\STM8\Projects\IAR_STM8S003F3P6_24L01+\Release\Obj\functions.o
#        D:\STM\STM8\Projects\IAR_STM8S003F3P6_24L01+\Release\Obj\init.o
#        D:\STM\STM8\Projects\IAR_STM8S003F3P6_24L01+\Release\Obj\nrf24l01.o
#        D:\STM\STM8\Projects\IAR_STM8S003F3P6_24L01+\Release\Obj\stm8s_adc1.o
#        D:\STM\STM8\Projects\IAR_STM8S003F3P6_24L01+\Release\Obj\stm8s_awu.o
#        D:\STM\STM8\Projects\IAR_STM8S003F3P6_24L01+\Release\Obj\stm8s_beep.o
#        D:\STM\STM8\Projects\IAR_STM8S003F3P6_24L01+\Release\Obj\stm8s_clk.o
#        D:\STM\STM8\Projects\IAR_STM8S003F3P6_24L01+\Release\Obj\stm8s_exti.o
#        D:\STM\STM8\Projects\IAR_STM8S003F3P6_24L01+\Release\Obj\stm8s_flash.o
#        D:\STM\STM8\Projects\IAR_STM8S003F3P6_24L01+\Release\Obj\stm8s_gpio.o
#        D:\STM\STM8\Projects\IAR_STM8S003F3P6_24L01+\Release\Obj\stm8s_i2c.o
#        D:\STM\STM8\Projects\IAR_STM8S003F3P6_24L01+\Release\Obj\stm8s_it.o
#        D:\STM\STM8\Projects\IAR_STM8S003F3P6_24L01+\Release\Obj\stm8s_itc.o
#        D:\STM\STM8\Projects\IAR_STM8S003F3P6_24L01+\Release\Obj\stm8s_iwdg.o
#        D:\STM\STM8\Projects\IAR_STM8S003F3P6_24L01+\Release\Obj\stm8s_rst.o
#        D:\STM\STM8\Projects\IAR_STM8S003F3P6_24L01+\Release\Obj\stm8s_spi.o
#        D:\STM\STM8\Projects\IAR_STM8S003F3P6_24L01+\Release\Obj\stm8s_tim1.o
#        D:\STM\STM8\Projects\IAR_STM8S003F3P6_24L01+\Release\Obj\stm8s_tim2.o
#        D:\STM\STM8\Projects\IAR_STM8S003F3P6_24L01+\Release\Obj\stm8s_tim4.o
#        D:\STM\STM8\Projects\IAR_STM8S003F3P6_24L01+\Release\Obj\stm8s_uart1.o
#        D:\STM\STM8\Projects\IAR_STM8S003F3P6_24L01+\Release\Obj\stm8s_wwdg.o
#        D:\STM\STM8\Projects\IAR_STM8S003F3P6_24L01+\Release\Obj\tx_main.o
#        --redirect _Printf=_PrintfFullNoMb --redirect _Scanf=_ScanfFullNoMb -o
#        D:\STM\STM8\Projects\IAR_STM8S003F3P6_24L01+\Release\Exe\Controller_NRF24L01_TX.out
#        --map
#        D:\STM\STM8\Projects\IAR_STM8S003F3P6_24L01+\Release\List\Controller_NRF24L01_TX.map
#        --config "C:\Program Files (x86)\IAR Systems\Embedded Workbench
#        7.3\stm8\config\lnkstm8.icf" --config_def _CSTACK_SIZE=0x100
#        --config_def _HEAP_SIZE=0x100 --entry __iar_program_start
#
###############################################################################

*******************************************************************************
*** RUNTIME MODEL ATTRIBUTES
***

__SystemLibrary            = DLib
__code_model               = small
__core                     = stm8
__data_model               = medium
__dlib_file_descriptor     = 0
__dlib_full_locale_support = 0
__rt_version               = 4


*******************************************************************************
*** PLACEMENT SUMMARY
***

"A1":  place at start of [0x000000-0x0000ff] { rw section .vregs };
"A2":  place at end of [0x000000-0x0017ff] { block CSTACK };
"P2":  place in [from 0x000000 to 0x0017ff] {
          block HEAP, rw section .far.bss, rw section .far.data,
          rw section .far.noinit, rw section .far_func.textrw,
          rw section .huge.bss, rw section .huge.data, rw section .huge.noinit,
          rw section .huge_func.textrw, rw section .iar.dynexit,
          rw section .near.bss, rw section .near.data, rw section .near.noinit,
          rw section .near_func.textrw };
"A3":  place at start of [0x008000-0x00ffff] { block INTVEC };
"P3":  place in [from 0x008000 to 0x00ffff] {
          ro section .far.data_init, ro section .far_func.textrw_init,
          ro section .huge.data_init, ro section .huge_func.textrw_init,
          ro section .iar.init_table, ro section .init_array,
          ro section .near.data_init, ro section .near.rodata,
          ro section .near_func.text, ro section .near_func.textrw_init,
          ro section .tiny.data_init, ro section .tiny.rodata_init };

  Section            Kind      Address   Size  Object
  -------            ----      -------   ----  ------
"A1":                                    0x10
  .vregs             uninit   0x000000   0x10  vregs.o [4]
                            - 0x000010   0x10

"P2":                                    0x13
  P2-1                        0x000010   0x13  <Init block>
    .near.data       inited   0x000010    0x1  stm8s_it.o [1]
    .near.data       inited   0x000011    0x2  tx_main.o [1]
    .near.data       inited   0x000013    0x2  tx_main.o [1]
    .near.data       inited   0x000015    0x2  tx_main.o [1]
    .near.data       inited   0x000017    0x2  tx_main.o [1]
    .near.bss        inited   0x000019    0x2  tx_main.o [1]
    .near.bss        inited   0x00001b    0x2  tx_main.o [1]
    .near.bss        inited   0x00001d    0x2  tx_main.o [1]
    .near.bss        inited   0x00001f    0x2  tx_main.o [1]
    .near.bss        inited   0x000021    0x2  tx_main.o [1]
                            - 0x000023   0x13

"A2":                                   0x100
  CSTACK                      0x001700  0x100  <Block>
    CSTACK           uninit   0x001700  0x100  <Block tail>
                            - 0x001800  0x100

"A3":                                    0x80
  INTVEC                      0x008000   0x80  <Block>
    .intvec          const    0x008000   0x80  interrupt.o [4]
                            - 0x008080   0x80

"P3":                                   0x9e8
  .near_func.text    ro code  0x008080  0x1cf  nrf24l01.o [1]
  .near_func.text    ro code  0x00824f  0x118  tx_main.o [1]
  .near_func.text    ro code  0x008367   0x93  vreg_util.o [4]
  .near_func.text    ro code  0x0083fa   0x8f  stm8s_tim1.o [1]
  .near_func.text    ro code  0x008489   0x7e  stm8s_adc1.o [1]
  .near_func.text    ro code  0x008507   0x6e  init.o [1]
  .near_func.text    ro code  0x008575   0x66  stm8s_gpio.o [1]
  .near_func.text    ro code  0x0085db   0x49  stm8s_it.o [1]
  .near_func.text    ro code  0x008624   0x39  stm8s_adc1.o [1]
  .near_func.text    ro code  0x00865d   0x36  stm8s_clk.o [1]
  .near_func.text    ro code  0x008693   0x31  stm8s_adc1.o [1]
  .near_func.text    ro code  0x0086c4   0x30  stm8s_spi.o [1]
  .near_func.text    ro code  0x0086f4   0x2b  stm8s_adc1.o [1]
  .near_func.text    ro code  0x00871f   0x28  short.o [4]
  .near_func.text    ro code  0x008747   0x28  init_small.o [4]
  .near_func.text    ro code  0x00876f   0x22  init.o [1]
  .iar.init_table    const    0x008791    0xa  - Linker created -
  .near_func.text    ro code  0x00879b   0x20  init.o [1]
  .near_func.text    ro code  0x0087bb   0x1f  stm8s_tim1.o [1]
  .near_func.text    ro code  0x0087da   0x1e  init.o [1]
  .near_func.text    ro code  0x0087f8   0x1b  stm8s_clk.o [1]
  .near_func.text    ro code  0x008813   0x17  init.o [1]
  .near_func.text    ro code  0x00882a   0x17  init.o [4]
  .near_func.text    ro code  0x008841   0x15  stm8s_spi.o [1]
  .near_func.text    ro code  0x008856   0x14  tx_main.o [1]
  .near_func.text    ro code  0x00886a   0x13  tx_main.o [1]
  .near_func.text    ro code  0x00887d   0x13  cstartup.o [4]
  Initializer bytes  const    0x008890   0x13  <for P2-1>
  .near_func.text    ro code  0x0088a3   0x11  stm8s_tim1.o [1]
  .near_func.text    ro code  0x0088b4   0x11  stm8s_tim4.o [1]
  .near_func.text    ro code  0x0088c5   0x11  tx_main.o [1]
  .near_func.text    ro code  0x0088d6   0x11  tx_main.o [1]
  .near_func.text    ro code  0x0088e7    0xf  stm8s_adc1.o [1]
  .near_func.text    ro code  0x0088f6    0xf  stm8s_adc1.o [1]
  .near_func.text    ro code  0x008905    0xe  stm8s_adc1.o [1]
  .near_func.text    ro code  0x008913    0xe  stm8s_it.o [1]
  .near_func.text    ro code  0x008921    0xe  stm8s_spi.o [1]
  .near_func.text    ro code  0x00892f    0xd  stm8s_adc1.o [1]
  .near_func.text    ro code  0x00893c    0xd  stm8s_spi.o [1]
  .near_func.text    ro code  0x008949    0xd  stm8s_tim1.o [1]
  .near_func.text    ro code  0x008956    0xd  tx_main.o [1]
  .near_func.text    ro code  0x008963    0xd  move.o [4]
  .near_func.text    ro code  0x008970    0xc  init.o [1]
  .near_func.text    ro code  0x00897c    0xb  stm8s_adc1.o [1]
  .near_func.text    ro code  0x008987    0xb  stm8s_clk.o [1]
  .near_func.text    ro code  0x008992    0xb  stm8s_gpio.o [1]
  .near_func.text    ro code  0x00899d    0x9  functions.o [1]
  .near_func.text    ro code  0x0089a6    0x9  stm8s_adc1.o [1]
  .near_func.text    ro code  0x0089af    0x9  stm8s_adc1.o [1]
  .near_func.text    ro code  0x0089b8    0x9  stm8s_adc1.o [1]
  .near_func.text    ro code  0x0089c1    0x9  stm8s_gpio.o [1]
  .near_func.text    ro code  0x0089ca    0x9  stm8s_tim1.o [1]
  .near_func.text    ro code  0x0089d3    0x9  stm8s_tim1.o [1]
  .near_func.text    ro code  0x0089dc    0x9  stm8s_tim4.o [1]
  .near_func.text    ro code  0x0089e5    0x9  tx_main.o [1]
  .near_func.text    ro code  0x0089ee    0x8  tx_main.o [1]
  .near_func.text    ro code  0x0089f6    0x7  stm8s_adc1.o [1]
  .near_func.text    ro code  0x0089fd    0x7  stm8s_adc1.o [1]
  .near_func.text    ro code  0x008a04    0x7  stm8s_adc1.o [1]
  .near_func.text    ro code  0x008a0b    0x7  stm8s_gpio.o [1]
  .near_func.text    ro code  0x008a12    0x7  tx_main.o [1]
  .near_func.text    ro code  0x008a19    0x6  init.o [1]
  .near_func.text    ro code  0x008a1f    0x6  init.o [1]
  .near_func.text    ro code  0x008a25    0x6  stm8s_adc1.o [1]
  .near.rodata       const    0x008a2b    0x5  tx_main.o [1]
  .near_func.text    ro code  0x008a30    0x5  stm8s_tim1.o [1]
  .near_func.text    ro code  0x008a35    0x5  cexit.o [4]
  .near_func.text    ro code  0x008a3a    0x4  stm8s_gpio.o [1]
  .near_func.text    ro code  0x008a3e    0x4  stm8s_spi.o [1]
  .near_func.text    ro code  0x008a42    0x4  stm8s_spi.o [1]
  .near_func.text    ro code  0x008a46    0x3  interrupt.o [4]
  .near_func.text    ro code  0x008a49    0x3  low_level_init.o [4]
  .near_func.text    ro code  0x008a4c    0x3  exit.o [4]
  .near_func.text    ro code  0x008a4f    0x3  unhandled_exception.o [4]
  .near_func.text    ro code  0x008a52    0x2  init.o [1]
  .near_func.text    ro code  0x008a54    0x2  xxexit.o [3]
  .near_func.text    ro code  0x008a56    0x1  stm8s_it.o [1]
  .near_func.text    ro code  0x008a57    0x1  stm8s_it.o [1]
  .near_func.text    ro code  0x008a58    0x1  stm8s_it.o [1]
  .near_func.text    ro code  0x008a59    0x1  stm8s_it.o [1]
  .near_func.text    ro code  0x008a5a    0x1  stm8s_it.o [1]
  .near_func.text    ro code  0x008a5b    0x1  stm8s_it.o [1]
  .near_func.text    ro code  0x008a5c    0x1  stm8s_it.o [1]
  .near_func.text    ro code  0x008a5d    0x1  stm8s_it.o [1]
  .near_func.text    ro code  0x008a5e    0x1  stm8s_it.o [1]
  .near_func.text    ro code  0x008a5f    0x1  stm8s_it.o [1]
  .near_func.text    ro code  0x008a60    0x1  stm8s_it.o [1]
  .near_func.text    ro code  0x008a61    0x1  stm8s_it.o [1]
  .near_func.text    ro code  0x008a62    0x1  stm8s_it.o [1]
  .near_func.text    ro code  0x008a63    0x1  stm8s_it.o [1]
  .near_func.text    ro code  0x008a64    0x1  stm8s_it.o [1]
  .near_func.text    ro code  0x008a65    0x1  stm8s_it.o [1]
  .near_func.text    ro code  0x008a66    0x1  stm8s_it.o [1]
  .near_func.text    ro code  0x008a67    0x1  stm8s_it.o [1]
                            - 0x008a68  0x9e8


*******************************************************************************
*** INIT TABLE
***

          Address   Size
          -------   ----
Copy (__iar_copy_init2)
    1 source range, total size 0x13:
          0x008890  0x13
    1 destination range, total size 0x13:
          0x000010  0x13



*******************************************************************************
*** MODULE SUMMARY
***

    Module                 ro code  ro data  rw data
    ------                 -------  -------  -------
D:\STM\STM8\Projects\IAR_STM8S003F3P6_24L01+\Release\Obj: [1]
    functions.o                  9
    init.o                     255
    nrf24l01.o                 463
    stm8s_adc1.o               397
    stm8s_clk.o                 92
    stm8s_gpio.o               133
    stm8s_it.o                 105        1        1
    stm8s_spi.o                104
    stm8s_tim1.o               227
    stm8s_tim4.o                26
    tx_main.o                  390       23       18
    ------------------------------------------------
    Total:                   2 201       24       19

command line: [2]
    ------------------------------------------------
    Total:

dbgstm8smn.a: [3]
    xxexit.o                     2
    ------------------------------------------------
    Total:                       2

dlstm8smn.a: [4]
    cexit.o                      5
    cstartup.o                  19
    exit.o                       3
    init.o                      23
    init_small.o                40
    interrupt.o                  3      128
    low_level_init.o             3
    move.o                      13
    short.o                     40
    unhandled_exception.o        3
    vreg_util.o                147
    vregs.o                                       16
    ------------------------------------------------
    Total:                     299      128       16

    Linker created                       10      256
----------------------------------------------------
    Grand Total:             2 502      162      291


*******************************************************************************
*** ENTRY LIST
***

Entry                    Address   Size  Type      Object
-----                    -------   ----  ----      ------
.iar.init_table$$Base   0x008791          --   Gb  - Linker created -
.iar.init_table$$Limit  0x00879b          --   Gb  - Linker created -
?b0                     0x000000         Data  Gb  vregs.o [4]
?b1                     0x000001         Data  Gb  vregs.o [4]
?b10                    0x00000a         Data  Gb  vregs.o [4]
?b11                    0x00000b         Data  Gb  vregs.o [4]
?b12                    0x00000c         Data  Gb  vregs.o [4]
?b13                    0x00000d         Data  Gb  vregs.o [4]
?b14                    0x00000e         Data  Gb  vregs.o [4]
?b15                    0x00000f         Data  Gb  vregs.o [4]
?b2                     0x000002         Data  Gb  vregs.o [4]
?b3                     0x000003         Data  Gb  vregs.o [4]
?b4                     0x000004         Data  Gb  vregs.o [4]
?b5                     0x000005         Data  Gb  vregs.o [4]
?b6                     0x000006         Data  Gb  vregs.o [4]
?b7                     0x000007         Data  Gb  vregs.o [4]
?b8                     0x000008         Data  Gb  vregs.o [4]
?b9                     0x000009         Data  Gb  vregs.o [4]
?e0                     0x000001         Data  Gb  vregs.o [4]
?e1                     0x000005         Data  Gb  vregs.o [4]
?e2                     0x000009         Data  Gb  vregs.o [4]
?e3                     0x00000d         Data  Gb  vregs.o [4]
?epilogue_l2_w6         0x0083ef         Code  Gb  vreg_util.o [4]
?epilogue_w4            0x0083f6         Code  Gb  vreg_util.o [4]
?l0                     0x000000         Data  Gb  vregs.o [4]
?l1                     0x000004         Data  Gb  vregs.o [4]
?l2                     0x000008         Data  Gb  vregs.o [4]
?l3                     0x00000c         Data  Gb  vregs.o [4]
?move1616_v_x_y_a       0x008963         Code  Gb  move.o [4]
?pop_l0                 0x0083c6         Code  Gb  vreg_util.o [4]
?pop_l1                 0x0083d1         Code  Gb  vreg_util.o [4]
?pop_l2                 0x0083dc         Code  Gb  vreg_util.o [4]
?pop_w4                 0x008384         Code  Gb  vreg_util.o [4]
?pop_w6                 0x00838b         Code  Gb  vreg_util.o [4]
?push_l0                0x00839a         Code  Gb  vreg_util.o [4]
?push_l1                0x00839f         Code  Gb  vreg_util.o [4]
?push_l2                0x0083a4         Code  Gb  vreg_util.o [4]
?push_w4                0x008367         Code  Gb  vreg_util.o [4]
?push_w6                0x00836c         Code  Gb  vreg_util.o [4]
?sdiv16_x_x_y           0x00871f         Code  Gb  short.o [4]
?sll16_x_x_4            0x008742         Code  Gb  short.o [4]
?sll16_x_x_5            0x008741         Code  Gb  short.o [4]
?sll16_x_x_6            0x008740         Code  Gb  short.o [4]
?sll16_x_x_a            0x008738         Code  Gb  short.o [4]
?w0                     0x000000         Data  Gb  vregs.o [4]
?w1                     0x000002         Data  Gb  vregs.o [4]
?w2                     0x000004         Data  Gb  vregs.o [4]
?w3                     0x000006         Data  Gb  vregs.o [4]
?w4                     0x000008         Data  Gb  vregs.o [4]
?w5                     0x00000a         Data  Gb  vregs.o [4]
?w6                     0x00000c         Data  Gb  vregs.o [4]
?w7                     0x00000e         Data  Gb  vregs.o [4]
ADC1_Cmd                0x00892f    0xd  Code  Gb  stm8s_adc1.o [1]
ADC1_DeInit             0x008693   0x31  Code  Gb  stm8s_adc1.o [1]
ADC1_GetConversionValue
                        0x008624   0x39  Code  Gb  stm8s_adc1.o [1]
ADC1_GetFlagStatus      0x0086f4   0x2b  Code  Gb  stm8s_adc1.o [1]
ADC1_IRQHandler         0x008a66    0x1  Code  Gb  stm8s_it.o [1]
ADC1_Init               0x008489   0x7e  Code  Gb  stm8s_adc1.o [1]
AWU_IRQHandler          0x008a58    0x1  Code  Gb  stm8s_it.o [1]
CLK_DeInit              0x00865d   0x36  Code  Gb  stm8s_clk.o [1]
CLK_IRQHandler          0x008a59    0x1  Code  Gb  stm8s_it.o [1]
CLK_SYSCLKConfig        0x0087f8   0x1b  Code  Gb  stm8s_clk.o [1]
CSTACK$$Base            0x001700          --   Gb  - Linker created -
CSTACK$$Limit           0x001800          --   Gb  - Linker created -
EEPROM_EEC_IRQHandler   0x008a67    0x1  Code  Gb  stm8s_it.o [1]
EXTI_PORTA_IRQHandler   0x008a5a    0x1  Code  Gb  stm8s_it.o [1]
EXTI_PORTB_IRQHandler   0x008a5b    0x1  Code  Gb  stm8s_it.o [1]
EXTI_PORTC_IRQHandler   0x008a5c    0x1  Code  Gb  stm8s_it.o [1]
EXTI_PORTD_IRQHandler   0x008a5d    0x1  Code  Gb  stm8s_it.o [1]
EXTI_PORTE_IRQHandler   0x008a5e    0x1  Code  Gb  stm8s_it.o [1]
GPIO_DeInit             0x008992    0xb  Code  Gb  stm8s_gpio.o [1]
GPIO_Init               0x008575   0x66  Code  Gb  stm8s_gpio.o [1]
GPIO_WriteHigh          0x008a0b    0x7  Code  Gb  stm8s_gpio.o [1]
GPIO_WriteLow           0x008a3a    0x4  Code  Gb  stm8s_gpio.o [1]
I2C_IRQHandler          0x008a65    0x1  Code  Gb  stm8s_it.o [1]
INTVEC$$Base            0x008000          --   Gb  - Linker created -
INTVEC$$Limit           0x008080          --   Gb  - Linker created -
Init_ADC                0x00876f   0x22  Code  Gb  init.o [1]
Init_CLK                0x008970    0xc  Code  Gb  init.o [1]
Init_GPIO               0x008507   0x6e  Code  Gb  init.o [1]
Init_ITC                0x008a52    0x2  Code  Gb  init.o [1]
Init_SPI                0x00879b   0x20  Code  Gb  init.o [1]
NRF24L01_Clear_Interrupts
                        0x00817a    0x9  Code  Gb  nrf24l01.o [1]
NRF24L01_Disable_All_Pipes
                        0x008173    0x7  Code  Gb  nrf24l01.o [1]
NRF24L01_Flush_TX       0x008183    0xb  Code  Gb  nrf24l01.o [1]
NRF24L01_Init           0x0081a3   0x7a  Code  Gb  nrf24l01.o [1]
NRF24L01_RF_TX          0x008224   0x17  Code  Gb  nrf24l01.o [1]
NRF24L01_ReadReg        0x0080a2    0xf  Code  Gb  nrf24l01.o [1]
NRF24L01_Set_Power      0x00814f   0x12  Code  Gb  nrf24l01.o [1]
NRF24L01_WriteReg       0x0080c6   0x18  Code  Gb  nrf24l01.o [1]
NRF24L01_WriteRegBuf    0x0080f5   0x34  Code  Gb  nrf24l01.o [1]
NRF24L01_Write_TX_Buf   0x008241    0x5  Code  Gb  nrf24l01.o [1]
Region$$Table$$Base     0x008791          --   Gb  - Linker created -
Region$$Table$$Limit    0x00879b          --   Gb  - Linker created -
SPI_Cmd                 0x00893c    0xd  Code  Gb  stm8s_spi.o [1]
SPI_DeInit              0x008841   0x15  Code  Gb  stm8s_spi.o [1]
SPI_Exchange            0x008080   0x22  Code  Gb  nrf24l01.o [1]
SPI_GetFlagStatus       0x008921    0xe  Code  Gb  stm8s_spi.o [1]
SPI_IRQHandler          0x008a5f    0x1  Code  Gb  stm8s_it.o [1]
SPI_Init                0x0086c4   0x30  Code  Gb  stm8s_spi.o [1]
SPI_ReceiveData         0x008a42    0x4  Code  Gb  stm8s_spi.o [1]
SPI_SendData            0x008a3e    0x4  Code  Gb  stm8s_spi.o [1]
TIM1_CAP_COM_IRQHandler
                        0x008a60    0x1  Code  Gb  stm8s_it.o [1]
TIM1_ClearITPendingBit  0x008a30    0x5  Code  Gb  stm8s_tim1.o [1]
TIM1_Cmd                0x008949    0xd  Code  Gb  stm8s_tim1.o [1]
TIM1_Config             0x0087da   0x1e  Code  Gb  init.o [1]
TIM1_DeInit             0x0083fa   0x8f  Code  Gb  stm8s_tim1.o [1]
TIM1_ITConfig           0x0088a3   0x11  Code  Gb  stm8s_tim1.o [1]
TIM1_TimeBaseInit       0x0087bb   0x1f  Code  Gb  stm8s_tim1.o [1]
TIM1_UPD_OVF_TRG_BRK_IRQHandler
                        0x0085db   0x49  Code  Gb  stm8s_it.o [1]
TIM2_CAP_COM_IRQHandler
                        0x008a62    0x1  Code  Gb  stm8s_it.o [1]
TIM2_UPD_OVF_BRK_IRQHandler
                        0x008a61    0x1  Code  Gb  stm8s_it.o [1]
TIM4_Config             0x008813   0x17  Code  Gb  init.o [1]
TIM4_ITConfig           0x0088b4   0x11  Code  Gb  stm8s_tim4.o [1]
TIM4_TimeBaseInit       0x0089dc    0x9  Code  Gb  stm8s_tim4.o [1]
TIM4_UPD_OVF_IRQHandler
                        0x008913    0xe  Code  Gb  stm8s_it.o [1]
TLI_IRQHandler          0x008a57    0x1  Code  Gb  stm8s_it.o [1]
TRAP_IRQHandler         0x008a56    0x1  Code  Gb  stm8s_it.o [1]
UART1_RX_IRQHandler     0x008a64    0x1  Code  Gb  stm8s_it.o [1]
UART1_TX_IRQHandler     0x008a63    0x1  Code  Gb  stm8s_it.o [1]
__exit                  0x008a54    0x2  Code  Gb  xxexit.o [3]
__iar_copy_init2        0x008747         Code  Gb  init_small.o [4]
__iar_data_init2        0x00882a   0x17  Code  Gb  init.o [4]
__iar_program_start     0x00887d         Code  Gb  cstartup.o [4]
__iar_unhandled_exception
                        0x008a4f         Code  Gb  unhandled_exception.o [4]
__intvec                0x008000         Data  Gb  interrupt.o [4]
__low_level_init        0x008a49    0x3  Code  Gb  low_level_init.o [4]
_exit                   0x008a35         Code  Gb  cexit.o [4]
_interrupt_1            0x008a56         Code  Gb  stm8s_it.o [1]
_interrupt_12           0x008a5f         Code  Gb  stm8s_it.o [1]
_interrupt_13           0x0085db         Code  Gb  stm8s_it.o [1]
_interrupt_14           0x008a60         Code  Gb  stm8s_it.o [1]
_interrupt_15           0x008a61         Code  Gb  stm8s_it.o [1]
_interrupt_16           0x008a62         Code  Gb  stm8s_it.o [1]
_interrupt_19           0x008a63         Code  Gb  stm8s_it.o [1]
_interrupt_2            0x008a57         Code  Gb  stm8s_it.o [1]
_interrupt_20           0x008a64         Code  Gb  stm8s_it.o [1]
_interrupt_21           0x008a65         Code  Gb  stm8s_it.o [1]
_interrupt_24           0x008a66         Code  Gb  stm8s_it.o [1]
_interrupt_25           0x008913         Code  Gb  stm8s_it.o [1]
_interrupt_26           0x008a67         Code  Gb  stm8s_it.o [1]
_interrupt_3            0x008a58         Code  Gb  stm8s_it.o [1]
_interrupt_4            0x008a59         Code  Gb  stm8s_it.o [1]
_interrupt_5            0x008a5a         Code  Gb  stm8s_it.o [1]
_interrupt_6            0x008a5b         Code  Gb  stm8s_it.o [1]
_interrupt_7            0x008a5c         Code  Gb  stm8s_it.o [1]
_interrupt_8            0x008a5d         Code  Gb  stm8s_it.o [1]
_interrupt_9            0x008a5e         Code  Gb  stm8s_it.o [1]
count                   0x000019    0x2  Data  Gb  tx_main.o [1]
delay                   0x00899d    0x9  Code  Gb  functions.o [1]
exit                    0x008a4c    0x3  Code  Gb  exit.o [4]
main                    0x00824f  0x118  Code  Gb  tx_main.o [1]


[1] = D:\STM\STM8\Projects\IAR_STM8S003F3P6_24L01+\Release\Obj
[2] = command line
[3] = dbgstm8smn.a
[4] = dlstm8smn.a

  2 502 bytes of readonly  code memory
    162 bytes of readonly  data memory
    291 bytes of readwrite data memory

Errors: none
Warnings: none
