###############################################################################
#
# IAR ELF Linker V2.20.1.176 for STM8                     12/Apr/2020  22:48:34
# Copyright 2010-2015 IAR Systems AB.
#
#    Output file  =  
#        D:\STM\STM8\Projects\IAR_STM8S003F3P6_24L01+\Release\Exe\lights_stm8_iar.out
#    Map file     =  
#        D:\STM\STM8\Projects\IAR_STM8S003F3P6_24L01+\Release\List\lights_stm8_iar.map
#    Command line =  
#        D:\STM\STM8\Projects\IAR_STM8S003F3P6_24L01+\Release\Obj\functions.o
#        D:\STM\STM8\Projects\IAR_STM8S003F3P6_24L01+\Release\Obj\init.o
#        D:\STM\STM8\Projects\IAR_STM8S003F3P6_24L01+\Release\Obj\nrf24l01.o
#        D:\STM\STM8\Projects\IAR_STM8S003F3P6_24L01+\Release\Obj\rx_main.o
#        D:\STM\STM8\Projects\IAR_STM8S003F3P6_24L01+\Release\Obj\stm8s_adc1.o
#        D:\STM\STM8\Projects\IAR_STM8S003F3P6_24L01+\Release\Obj\stm8s_awu.o
#        D:\STM\STM8\Projects\IAR_STM8S003F3P6_24L01+\Release\Obj\stm8s_beep.o
#        D:\STM\STM8\Projects\IAR_STM8S003F3P6_24L01+\Release\Obj\stm8s_clk.o
#        D:\STM\STM8\Projects\IAR_STM8S003F3P6_24L01+\Release\Obj\stm8s_exti.o
#        D:\STM\STM8\Projects\IAR_STM8S003F3P6_24L01+\Release\Obj\stm8s_flash.o
#        D:\STM\STM8\Projects\IAR_STM8S003F3P6_24L01+\Release\Obj\stm8s_gpio.o
#        D:\STM\STM8\Projects\IAR_STM8S003F3P6_24L01+\Release\Obj\stm8s_i2c.o
#        D:\STM\STM8\Projects\IAR_STM8S003F3P6_24L01+\Release\Obj\stm8s_it.o
#        D:\STM\STM8\Projects\IAR_STM8S003F3P6_24L01+\Release\Obj\stm8s_itc.o
#        D:\STM\STM8\Projects\IAR_STM8S003F3P6_24L01+\Release\Obj\stm8s_iwdg.o
#        D:\STM\STM8\Projects\IAR_STM8S003F3P6_24L01+\Release\Obj\stm8s_rst.o
#        D:\STM\STM8\Projects\IAR_STM8S003F3P6_24L01+\Release\Obj\stm8s_spi.o
#        D:\STM\STM8\Projects\IAR_STM8S003F3P6_24L01+\Release\Obj\stm8s_tim1.o
#        D:\STM\STM8\Projects\IAR_STM8S003F3P6_24L01+\Release\Obj\stm8s_tim2.o
#        D:\STM\STM8\Projects\IAR_STM8S003F3P6_24L01+\Release\Obj\stm8s_tim4.o
#        D:\STM\STM8\Projects\IAR_STM8S003F3P6_24L01+\Release\Obj\stm8s_uart1.o
#        D:\STM\STM8\Projects\IAR_STM8S003F3P6_24L01+\Release\Obj\stm8s_wwdg.o
#        --redirect _Printf=_PrintfFullNoMb --redirect _Scanf=_ScanfFullNoMb -o
#        D:\STM\STM8\Projects\IAR_STM8S003F3P6_24L01+\Release\Exe\lights_stm8_iar.out
#        --map
#        D:\STM\STM8\Projects\IAR_STM8S003F3P6_24L01+\Release\List\lights_stm8_iar.map
#        --config "C:\Program Files (x86)\IAR Systems\Embedded Workbench
#        7.3\stm8\config\lnkstm8s103f3.icf" --config_def _CSTACK_SIZE=0x080
#        --config_def _HEAP_SIZE=0x080 --entry __iar_program_start
#
###############################################################################

*******************************************************************************
*** RUNTIME MODEL ATTRIBUTES
***

__SystemLibrary            = DLib
__code_model               = small
__core                     = stm8
__data_model               = medium
__dlib_file_descriptor     = 0
__dlib_full_locale_support = 0
__rt_version               = 4


*******************************************************************************
*** PLACEMENT SUMMARY
***

"A1":  place at start of [0x000000-0x0000ff] { rw section .vregs };
"A2":  place at end of [0x000000-0x0003ff] { block CSTACK };
"P2":  place in [from 0x000000 to 0x0003ff] {
          block HEAP, rw section __DLIB_PERTHREAD, rw section .far.bss,
          rw section .far.data, rw section .far.noinit,
          rw section .far_func.textrw, rw section .huge.bss,
          rw section .huge.data, rw section .huge.noinit,
          rw section .huge_func.textrw, rw section .iar.dynexit,
          rw section .near.bss, rw section .near.data, rw section .near.noinit,
          rw section .near_func.textrw };
"A3":  place at start of [0x008000-0x009fff] { block INTVEC };
"P3":  place in [from 0x008000 to 0x009fff] {
          ro section __DLIB_PERTHREAD_init, ro section .far.data_init,
          ro section .far_func.textrw_init, ro section .huge.data_init,
          ro section .huge_func.textrw_init, ro section .iar.init_table,
          ro section .init_array, ro section .near.data_init,
          ro section .near.rodata, ro section .near_func.text,
          ro section .near_func.textrw_init, ro section .tiny.data_init,
          ro section .tiny.rodata_init };

  Section            Kind      Address   Size  Object
  -------            ----      -------   ----  ------
"A1":                                    0x10
  .vregs             uninit   0x000000   0x10  vregs.o [4]
                            - 0x000010   0x10

"P2":                                     0x5
  P2-1                        0x000010    0x5  <Init block>
    .near.data       inited   0x000010    0x1  rx_main.o [1]
    .near.data       inited   0x000011    0x1  stm8s_it.o [1]
    .near.bss        inited   0x000012    0x2  rx_main.o [1]
    .near.bss        inited   0x000014    0x1  rx_main.o [1]
                            - 0x000015    0x5

"A2":                                    0x80
  CSTACK                      0x000380   0x80  <Block>
    CSTACK           uninit   0x000380   0x80  <Block tail>
                            - 0x000400   0x80

"A3":                                    0x80
  INTVEC                      0x008000   0x80  <Block>
    .intvec          const    0x008000   0x80  interrupt.o [4]
                            - 0x008080   0x80

"P3":                                   0x995
  .near_func.text    ro code  0x008080  0x1f4  nrf24l01.o [1]
  .near_func.text    ro code  0x008274  0x162  rx_main.o [1]
  .near_func.text    ro code  0x0083d6   0x97  vreg_util.o [4]
  .near_func.text    ro code  0x00846d   0x7e  stm8s_adc1.o [1]
  .near_func.text    ro code  0x0084eb   0x6e  init.o [1]
  .near_func.text    ro code  0x008559   0x66  stm8s_gpio.o [1]
  .near_func.text    ro code  0x0085bf   0x4f  stm8s_tim2.o [1]
  .near_func.text    ro code  0x00860e   0x49  stm8s_it.o [1]
  .near_func.text    ro code  0x008657   0x36  stm8s_clk.o [1]
  .near_func.text    ro code  0x00868d   0x31  stm8s_adc1.o [1]
  .near_func.text    ro code  0x0086be   0x30  stm8s_spi.o [1]
  .near_func.text    ro code  0x0086ee   0x2a  init.o [1]
  .near_func.text    ro code  0x008718   0x28  init_small.o [4]
  .near_func.text    ro code  0x008740   0x26  short.o [4]
  .near_func.text    ro code  0x008766   0x22  init.o [1]
  .near_func.text    ro code  0x008788   0x22  stm8s_tim2.o [1]
  .iar.init_table    const    0x0087aa    0xa  - Linker created -
  .near_func.text    ro code  0x0087b4   0x20  init.o [1]
  .near_func.text    ro code  0x0087d4   0x1c  stm8s_tim2.o [1]
  .near_func.text    ro code  0x0087f0   0x1b  stm8s_clk.o [1]
  .near_func.text    ro code  0x00880b   0x17  init.o [1]
  .near_func.text    ro code  0x008822   0x17  init.o [4]
  .near_func.text    ro code  0x008839   0x15  stm8s_spi.o [1]
  .near_func.text    ro code  0x00884e   0x13  cstartup.o [4]
  .near_func.text    ro code  0x008861   0x11  stm8s_tim4.o [1]
  .near_func.text    ro code  0x008872    0xf  stm8s_adc1.o [1]
  .near_func.text    ro code  0x008881    0xf  stm8s_adc1.o [1]
  .near_func.text    ro code  0x008890    0xf  stm8s_tim2.o [1]
  .near_func.text    ro code  0x00889f    0xe  stm8s_adc1.o [1]
  .near_func.text    ro code  0x0088ad    0xe  stm8s_it.o [1]
  .near_func.text    ro code  0x0088bb    0xe  stm8s_spi.o [1]
  .near_func.text    ro code  0x0088c9    0xd  stm8s_adc1.o [1]
  .near_func.text    ro code  0x0088d6    0xd  stm8s_spi.o [1]
  .near_func.text    ro code  0x0088e3    0xd  stm8s_tim2.o [1]
  .near_func.text    ro code  0x0088f0    0xd  move.o [4]
  .near_func.text    ro code  0x0088fd    0xc  init.o [1]
  .near_func.text    ro code  0x008909    0xb  stm8s_adc1.o [1]
  .near_func.text    ro code  0x008914    0xb  stm8s_clk.o [1]
  .near_func.text    ro code  0x00891f    0xb  stm8s_gpio.o [1]
  .near_func.text    ro code  0x00892a    0x9  functions.o [1]
  .near_func.text    ro code  0x008933    0x9  stm8s_adc1.o [1]
  .near_func.text    ro code  0x00893c    0x9  stm8s_adc1.o [1]
  .near_func.text    ro code  0x008945    0x9  stm8s_gpio.o [1]
  .near_func.text    ro code  0x00894e    0x9  stm8s_tim2.o [1]
  .near_func.text    ro code  0x008957    0x9  stm8s_tim2.o [1]
  .near_func.text    ro code  0x008960    0x9  stm8s_tim2.o [1]
  .near_func.text    ro code  0x008969    0x9  stm8s_tim2.o [1]
  .near_func.text    ro code  0x008972    0x9  stm8s_tim2.o [1]
  .near_func.text    ro code  0x00897b    0x9  stm8s_tim2.o [1]
  .near_func.text    ro code  0x008984    0x9  stm8s_tim2.o [1]
  .near_func.text    ro code  0x00898d    0x9  stm8s_tim4.o [1]
  .near_func.text    ro code  0x008996    0x7  stm8s_adc1.o [1]
  .near_func.text    ro code  0x00899d    0x7  stm8s_adc1.o [1]
  .near_func.text    ro code  0x0089a4    0x7  stm8s_gpio.o [1]
  .near_func.text    ro code  0x0089ab    0x7  stm8s_gpio.o [1]
  .near_func.text    ro code  0x0089b2    0x7  stm8s_tim2.o [1]
  .near_func.text    ro code  0x0089b9    0x6  init.o [1]
  .near_func.text    ro code  0x0089bf    0x6  init.o [1]
  .near_func.text    ro code  0x0089c5    0x6  stm8s_adc1.o [1]
  .near.rodata       const    0x0089cb    0x5  rx_main.o [1]
  .near_func.text    ro code  0x0089d0    0x5  stm8s_tim1.o [1]
  .near_func.text    ro code  0x0089d5    0x5  cexit.o [4]
  Initializer bytes  const    0x0089da    0x5  <for P2-1>
  .near_func.text    ro code  0x0089df    0x4  stm8s_gpio.o [1]
  .near_func.text    ro code  0x0089e3    0x4  stm8s_spi.o [1]
  .near_func.text    ro code  0x0089e7    0x4  stm8s_spi.o [1]
  .near_func.text    ro code  0x0089eb    0x4  stm8s_tim2.o [1]
  .near_func.text    ro code  0x0089ef    0x4  stm8s_tim2.o [1]
  .near_func.text    ro code  0x0089f3    0x3  interrupt.o [4]
  .near_func.text    ro code  0x0089f6    0x3  low_level_init.o [4]
  .near_func.text    ro code  0x0089f9    0x3  exit.o [4]
  .near_func.text    ro code  0x0089fc    0x3  unhandled_exception.o [4]
  .near_func.text    ro code  0x0089ff    0x2  init.o [1]
  .near_func.text    ro code  0x008a01    0x2  xxexit.o [3]
  .near_func.text    ro code  0x008a03    0x1  stm8s_it.o [1]
  .near_func.text    ro code  0x008a04    0x1  stm8s_it.o [1]
  .near_func.text    ro code  0x008a05    0x1  stm8s_it.o [1]
  .near_func.text    ro code  0x008a06    0x1  stm8s_it.o [1]
  .near_func.text    ro code  0x008a07    0x1  stm8s_it.o [1]
  .near_func.text    ro code  0x008a08    0x1  stm8s_it.o [1]
  .near_func.text    ro code  0x008a09    0x1  stm8s_it.o [1]
  .near_func.text    ro code  0x008a0a    0x1  stm8s_it.o [1]
  .near_func.text    ro code  0x008a0b    0x1  stm8s_it.o [1]
  .near_func.text    ro code  0x008a0c    0x1  stm8s_it.o [1]
  .near_func.text    ro code  0x008a0d    0x1  stm8s_it.o [1]
  .near_func.text    ro code  0x008a0e    0x1  stm8s_it.o [1]
  .near_func.text    ro code  0x008a0f    0x1  stm8s_it.o [1]
  .near_func.text    ro code  0x008a10    0x1  stm8s_it.o [1]
  .near_func.text    ro code  0x008a11    0x1  stm8s_it.o [1]
  .near_func.text    ro code  0x008a12    0x1  stm8s_it.o [1]
  .near_func.text    ro code  0x008a13    0x1  stm8s_it.o [1]
  .near_func.text    ro code  0x008a14    0x1  stm8s_it.o [1]
                            - 0x008a15  0x995


*******************************************************************************
*** INIT TABLE
***

          Address   Size
          -------   ----
Copy (__iar_copy_init2)
    1 source range, total size 0x5:
          0x0089da   0x5
    1 destination range, total size 0x5:
          0x000010   0x5



*******************************************************************************
*** MODULE SUMMARY
***

    Module                 ro code  ro data  rw data
    ------                 -------  -------  -------
D:\STM\STM8\Projects\IAR_STM8S003F3P6_24L01+\Release\Obj: [1]
    functions.o                  9
    init.o                     267
    nrf24l01.o                 500
    rx_main.o                  354        9        4
    stm8s_adc1.o               281
    stm8s_clk.o                 92
    stm8s_gpio.o               140
    stm8s_it.o                 105        1        1
    stm8s_spi.o                104
    stm8s_tim1.o                 5
    stm8s_tim2.o               247
    stm8s_tim4.o                26
    ------------------------------------------------
    Total:                   2 130       10        5

command line: [2]
    ------------------------------------------------
    Total:

dbgstm8smn.a: [3]
    xxexit.o                     2
    ------------------------------------------------
    Total:                       2

dlstm8smn.a: [4]
    cexit.o                      5
    cstartup.o                  19
    exit.o                       3
    init.o                      23
    init_small.o                40
    interrupt.o                  3      128
    low_level_init.o             3
    move.o                      13
    short.o                     38
    unhandled_exception.o        3
    vreg_util.o                151
    vregs.o                                       16
    ------------------------------------------------
    Total:                     301      128       16

    Linker created                       10      128
----------------------------------------------------
    Grand Total:             2 433      148      149


*******************************************************************************
*** ENTRY LIST
***

Entry                    Address   Size  Type      Object
-----                    -------   ----  ----      ------
.iar.init_table$$Base   0x0087aa          --   Gb  - Linker created -
.iar.init_table$$Limit  0x0087b4          --   Gb  - Linker created -
?b0                     0x000000         Data  Gb  vregs.o [4]
?b1                     0x000001         Data  Gb  vregs.o [4]
?b10                    0x00000a         Data  Gb  vregs.o [4]
?b11                    0x00000b         Data  Gb  vregs.o [4]
?b12                    0x00000c         Data  Gb  vregs.o [4]
?b13                    0x00000d         Data  Gb  vregs.o [4]
?b14                    0x00000e         Data  Gb  vregs.o [4]
?b15                    0x00000f         Data  Gb  vregs.o [4]
?b2                     0x000002         Data  Gb  vregs.o [4]
?b3                     0x000003         Data  Gb  vregs.o [4]
?b4                     0x000004         Data  Gb  vregs.o [4]
?b5                     0x000005         Data  Gb  vregs.o [4]
?b6                     0x000006         Data  Gb  vregs.o [4]
?b7                     0x000007         Data  Gb  vregs.o [4]
?b8                     0x000008         Data  Gb  vregs.o [4]
?b9                     0x000009         Data  Gb  vregs.o [4]
?e0                     0x000001         Data  Gb  vregs.o [4]
?e1                     0x000005         Data  Gb  vregs.o [4]
?e2                     0x000009         Data  Gb  vregs.o [4]
?e3                     0x00000d         Data  Gb  vregs.o [4]
?epilogue_l2            0x00845e         Code  Gb  vreg_util.o [4]
?epilogue_l2_w6         0x008462         Code  Gb  vreg_util.o [4]
?epilogue_w4            0x008469         Code  Gb  vreg_util.o [4]
?l0                     0x000000         Data  Gb  vregs.o [4]
?l1                     0x000004         Data  Gb  vregs.o [4]
?l2                     0x000008         Data  Gb  vregs.o [4]
?l3                     0x00000c         Data  Gb  vregs.o [4]
?move1616_v_x_y_a       0x0088f0         Code  Gb  move.o [4]
?mul16_x_x_w0           0x008740         Code  Gb  short.o [4]
?pop_l0                 0x008435         Code  Gb  vreg_util.o [4]
?pop_l1                 0x008440         Code  Gb  vreg_util.o [4]
?pop_l2                 0x00844b         Code  Gb  vreg_util.o [4]
?pop_w4                 0x0083f3         Code  Gb  vreg_util.o [4]
?pop_w6                 0x0083fa         Code  Gb  vreg_util.o [4]
?push_l0                0x008409         Code  Gb  vreg_util.o [4]
?push_l1                0x00840e         Code  Gb  vreg_util.o [4]
?push_l2                0x008413         Code  Gb  vreg_util.o [4]
?push_w4                0x0083d6         Code  Gb  vreg_util.o [4]
?push_w6                0x0083db         Code  Gb  vreg_util.o [4]
?sll16_x_x_a            0x00875e         Code  Gb  short.o [4]
?w0                     0x000000         Data  Gb  vregs.o [4]
?w1                     0x000002         Data  Gb  vregs.o [4]
?w2                     0x000004         Data  Gb  vregs.o [4]
?w3                     0x000006         Data  Gb  vregs.o [4]
?w4                     0x000008         Data  Gb  vregs.o [4]
?w5                     0x00000a         Data  Gb  vregs.o [4]
?w6                     0x00000c         Data  Gb  vregs.o [4]
?w7                     0x00000e         Data  Gb  vregs.o [4]
ADC1_Cmd                0x0088c9    0xd  Code  Gb  stm8s_adc1.o [1]
ADC1_DeInit             0x00868d   0x31  Code  Gb  stm8s_adc1.o [1]
ADC1_IRQHandler         0x008a13    0x1  Code  Gb  stm8s_it.o [1]
ADC1_Init               0x00846d   0x7e  Code  Gb  stm8s_adc1.o [1]
AWU_IRQHandler          0x008a05    0x1  Code  Gb  stm8s_it.o [1]
CLK_DeInit              0x008657   0x36  Code  Gb  stm8s_clk.o [1]
CLK_IRQHandler          0x008a06    0x1  Code  Gb  stm8s_it.o [1]
CLK_SYSCLKConfig        0x0087f0   0x1b  Code  Gb  stm8s_clk.o [1]
CSTACK$$Base            0x000380          --   Gb  - Linker created -
CSTACK$$Limit           0x000400          --   Gb  - Linker created -
EEPROM_EEC_IRQHandler   0x008a14    0x1  Code  Gb  stm8s_it.o [1]
EXTI_PORTA_IRQHandler   0x008a07    0x1  Code  Gb  stm8s_it.o [1]
EXTI_PORTB_IRQHandler   0x008a08    0x1  Code  Gb  stm8s_it.o [1]
EXTI_PORTC_IRQHandler   0x008a09    0x1  Code  Gb  stm8s_it.o [1]
EXTI_PORTD_IRQHandler   0x008a0a    0x1  Code  Gb  stm8s_it.o [1]
EXTI_PORTE_IRQHandler   0x008a0b    0x1  Code  Gb  stm8s_it.o [1]
GPIO_DeInit             0x00891f    0xb  Code  Gb  stm8s_gpio.o [1]
GPIO_Init               0x008559   0x66  Code  Gb  stm8s_gpio.o [1]
GPIO_WriteHigh          0x0089a4    0x7  Code  Gb  stm8s_gpio.o [1]
GPIO_WriteLow           0x0089df    0x4  Code  Gb  stm8s_gpio.o [1]
GPIO_WriteReverse       0x0089ab    0x7  Code  Gb  stm8s_gpio.o [1]
I2C_IRQHandler          0x008a12    0x1  Code  Gb  stm8s_it.o [1]
INTVEC$$Base            0x008000          --   Gb  - Linker created -
INTVEC$$Limit           0x008080          --   Gb  - Linker created -
Init_ADC                0x008766   0x22  Code  Gb  init.o [1]
Init_CLK                0x0088fd    0xc  Code  Gb  init.o [1]
Init_GPIO               0x0084eb   0x6e  Code  Gb  init.o [1]
Init_ITC                0x0089ff    0x2  Code  Gb  init.o [1]
Init_SPI                0x0087b4   0x20  Code  Gb  init.o [1]
NRF24L01_Clear_Interrupts
                        0x0081bc    0x9  Code  Gb  nrf24l01.o [1]
NRF24L01_Disable_All_Pipes
                        0x0081b5    0x7  Code  Gb  nrf24l01.o [1]
NRF24L01_Flush_RX       0x0081d1    0xb  Code  Gb  nrf24l01.o [1]
NRF24L01_Get_Status     0x008184    0xd  Code  Gb  nrf24l01.o [1]
NRF24L01_Init           0x0081e5   0x7a  Code  Gb  nrf24l01.o [1]
NRF24L01_ReadReg        0x0080a2    0xf  Code  Gb  nrf24l01.o [1]
NRF24L01_ReadRegBuf     0x0080e6   0x35  Code  Gb  nrf24l01.o [1]
NRF24L01_Read_RX_Buf    0x008266    0x5  Code  Gb  nrf24l01.o [1]
NRF24L01_Set_Power      0x008191   0x12  Code  Gb  nrf24l01.o [1]
NRF24L01_WriteReg       0x0080c6   0x18  Code  Gb  nrf24l01.o [1]
NRF24L01_WriteRegBuf    0x00812a   0x34  Code  Gb  nrf24l01.o [1]
Region$$Table$$Base     0x0087aa          --   Gb  - Linker created -
Region$$Table$$Limit    0x0087b4          --   Gb  - Linker created -
SPI_Cmd                 0x0088d6    0xd  Code  Gb  stm8s_spi.o [1]
SPI_DeInit              0x008839   0x15  Code  Gb  stm8s_spi.o [1]
SPI_Exchange            0x008080   0x22  Code  Gb  nrf24l01.o [1]
SPI_GetFlagStatus       0x0088bb    0xe  Code  Gb  stm8s_spi.o [1]
SPI_IRQHandler          0x008a0c    0x1  Code  Gb  stm8s_it.o [1]
SPI_Init                0x0086be   0x30  Code  Gb  stm8s_spi.o [1]
SPI_ReceiveData         0x0089e7    0x4  Code  Gb  stm8s_spi.o [1]
SPI_SendData            0x0089e3    0x4  Code  Gb  stm8s_spi.o [1]
TIM1_CAP_COM_IRQHandler
                        0x008a0d    0x1  Code  Gb  stm8s_it.o [1]
TIM1_ClearITPendingBit  0x0089d0    0x5  Code  Gb  stm8s_tim1.o [1]
TIM1_UPD_OVF_TRG_BRK_IRQHandler
                        0x00860e   0x49  Code  Gb  stm8s_it.o [1]
TIM2_CAP_COM_IRQHandler
                        0x008a0f    0x1  Code  Gb  stm8s_it.o [1]
TIM2_Cmd                0x0088e3    0xd  Code  Gb  stm8s_tim2.o [1]
TIM2_Config             0x0086ee   0x2a  Code  Gb  init.o [1]
TIM2_DeInit             0x0085bf   0x4f  Code  Gb  stm8s_tim2.o [1]
TIM2_OC2Init            0x008788   0x22  Code  Gb  stm8s_tim2.o [1]
TIM2_OC3Init            0x0087d4   0x1c  Code  Gb  stm8s_tim2.o [1]
TIM2_SetCompare2        0x0089eb    0x4  Code  Gb  stm8s_tim2.o [1]
TIM2_SetCompare3        0x0089ef    0x4  Code  Gb  stm8s_tim2.o [1]
TIM2_TimeBaseInit       0x0089b2    0x7  Code  Gb  stm8s_tim2.o [1]
TIM2_UPD_OVF_BRK_IRQHandler
                        0x008a0e    0x1  Code  Gb  stm8s_it.o [1]
TIM4_Config             0x00880b   0x17  Code  Gb  init.o [1]
TIM4_ITConfig           0x008861   0x11  Code  Gb  stm8s_tim4.o [1]
TIM4_TimeBaseInit       0x00898d    0x9  Code  Gb  stm8s_tim4.o [1]
TIM4_UPD_OVF_IRQHandler
                        0x0088ad    0xe  Code  Gb  stm8s_it.o [1]
TLI_IRQHandler          0x008a04    0x1  Code  Gb  stm8s_it.o [1]
TRAP_IRQHandler         0x008a03    0x1  Code  Gb  stm8s_it.o [1]
UART1_RX_IRQHandler     0x008a11    0x1  Code  Gb  stm8s_it.o [1]
UART1_TX_IRQHandler     0x008a10    0x1  Code  Gb  stm8s_it.o [1]
__exit                  0x008a01    0x2  Code  Gb  xxexit.o [3]
__iar_copy_init2        0x008718         Code  Gb  init_small.o [4]
__iar_data_init2        0x008822   0x17  Code  Gb  init.o [4]
__iar_program_start     0x00884e         Code  Gb  cstartup.o [4]
__iar_unhandled_exception
                        0x0089fc         Code  Gb  unhandled_exception.o [4]
__intvec                0x008000         Data  Gb  interrupt.o [4]
__low_level_init        0x0089f6    0x3  Code  Gb  low_level_init.o [4]
_exit                   0x0089d5         Code  Gb  cexit.o [4]
_interrupt_1            0x008a03         Code  Gb  stm8s_it.o [1]
_interrupt_12           0x008a0c         Code  Gb  stm8s_it.o [1]
_interrupt_13           0x00860e         Code  Gb  stm8s_it.o [1]
_interrupt_14           0x008a0d         Code  Gb  stm8s_it.o [1]
_interrupt_15           0x008a0e         Code  Gb  stm8s_it.o [1]
_interrupt_16           0x008a0f         Code  Gb  stm8s_it.o [1]
_interrupt_19           0x008a10         Code  Gb  stm8s_it.o [1]
_interrupt_2            0x008a04         Code  Gb  stm8s_it.o [1]
_interrupt_20           0x008a11         Code  Gb  stm8s_it.o [1]
_interrupt_21           0x008a12         Code  Gb  stm8s_it.o [1]
_interrupt_24           0x008a13         Code  Gb  stm8s_it.o [1]
_interrupt_25           0x0088ad         Code  Gb  stm8s_it.o [1]
_interrupt_26           0x008a14         Code  Gb  stm8s_it.o [1]
_interrupt_3            0x008a05         Code  Gb  stm8s_it.o [1]
_interrupt_4            0x008a06         Code  Gb  stm8s_it.o [1]
_interrupt_5            0x008a07         Code  Gb  stm8s_it.o [1]
_interrupt_6            0x008a08         Code  Gb  stm8s_it.o [1]
_interrupt_7            0x008a09         Code  Gb  stm8s_it.o [1]
_interrupt_8            0x008a0a         Code  Gb  stm8s_it.o [1]
_interrupt_9            0x008a0b         Code  Gb  stm8s_it.o [1]
count                   0x000012    0x2  Data  Gb  rx_main.o [1]
delay                   0x00892a    0x9  Code  Gb  functions.o [1]
exit                    0x0089f9    0x3  Code  Gb  exit.o [4]
main                    0x008274  0x162  Code  Gb  rx_main.o [1]


[1] = D:\STM\STM8\Projects\IAR_STM8S003F3P6_24L01+\Release\Obj
[2] = command line
[3] = dbgstm8smn.a
[4] = dlstm8smn.a

  2 433 bytes of readonly  code memory
    148 bytes of readonly  data memory
    149 bytes of readwrite data memory

Errors: none
Warnings: none
