###############################################################################
#
# IAR ELF Linker V2.20.1.176 for STM8                     12/Apr/2020  22:48:26
# Copyright 2010-2015 IAR Systems AB.
#
#    Output file  =  
#        D:\STM\STM8\Projects\IAR_STM8S003F3P6_24L01+\Release\Exe\OLED_NRF24L01_RX.out
#    Map file     =  
#        D:\STM\STM8\Projects\IAR_STM8S003F3P6_24L01+\Release\List\OLED_NRF24L01_RX.map
#    Command line =  
#        D:\STM\STM8\Projects\IAR_STM8S003F3P6_24L01+\Release\Obj\functions.o
#        D:\STM\STM8\Projects\IAR_STM8S003F3P6_24L01+\Release\Obj\init.o
#        D:\STM\STM8\Projects\IAR_STM8S003F3P6_24L01+\Release\Obj\nrf24l01.o
#        D:\STM\STM8\Projects\IAR_STM8S003F3P6_24L01+\Release\Obj\oled_rx_main.o
#        D:\STM\STM8\Projects\IAR_STM8S003F3P6_24L01+\Release\Obj\SSD1306.o
#        D:\STM\STM8\Projects\IAR_STM8S003F3P6_24L01+\Release\Obj\stm8s_adc1.o
#        D:\STM\STM8\Projects\IAR_STM8S003F3P6_24L01+\Release\Obj\stm8s_awu.o
#        D:\STM\STM8\Projects\IAR_STM8S003F3P6_24L01+\Release\Obj\stm8s_beep.o
#        D:\STM\STM8\Projects\IAR_STM8S003F3P6_24L01+\Release\Obj\stm8s_clk.o
#        D:\STM\STM8\Projects\IAR_STM8S003F3P6_24L01+\Release\Obj\stm8s_exti.o
#        D:\STM\STM8\Projects\IAR_STM8S003F3P6_24L01+\Release\Obj\stm8s_flash.o
#        D:\STM\STM8\Projects\IAR_STM8S003F3P6_24L01+\Release\Obj\stm8s_gpio.o
#        D:\STM\STM8\Projects\IAR_STM8S003F3P6_24L01+\Release\Obj\stm8s_i2c.o
#        D:\STM\STM8\Projects\IAR_STM8S003F3P6_24L01+\Release\Obj\stm8s_it.o
#        D:\STM\STM8\Projects\IAR_STM8S003F3P6_24L01+\Release\Obj\stm8s_itc.o
#        D:\STM\STM8\Projects\IAR_STM8S003F3P6_24L01+\Release\Obj\stm8s_iwdg.o
#        D:\STM\STM8\Projects\IAR_STM8S003F3P6_24L01+\Release\Obj\stm8s_rst.o
#        D:\STM\STM8\Projects\IAR_STM8S003F3P6_24L01+\Release\Obj\stm8s_spi.o
#        D:\STM\STM8\Projects\IAR_STM8S003F3P6_24L01+\Release\Obj\stm8s_tim1.o
#        D:\STM\STM8\Projects\IAR_STM8S003F3P6_24L01+\Release\Obj\stm8s_tim2.o
#        D:\STM\STM8\Projects\IAR_STM8S003F3P6_24L01+\Release\Obj\stm8s_tim4.o
#        D:\STM\STM8\Projects\IAR_STM8S003F3P6_24L01+\Release\Obj\stm8s_uart1.o
#        D:\STM\STM8\Projects\IAR_STM8S003F3P6_24L01+\Release\Obj\stm8s_wwdg.o
#        --redirect _Printf=_PrintfSmall --redirect _Scanf=_ScanfSmall -o
#        D:\STM\STM8\Projects\IAR_STM8S003F3P6_24L01+\Release\Exe\OLED_NRF24L01_RX.out
#        --map
#        D:\STM\STM8\Projects\IAR_STM8S003F3P6_24L01+\Release\List\OLED_NRF24L01_RX.map
#        --config "C:\Program Files (x86)\IAR Systems\Embedded Workbench
#        7.3\stm8\config\lnkstm8.icf" --config_def _CSTACK_SIZE=0x100
#        --config_def _HEAP_SIZE=0x100 --entry __iar_program_start
#
###############################################################################

*******************************************************************************
*** RUNTIME MODEL ATTRIBUTES
***

__SystemLibrary            = DLib
__code_model               = small
__core                     = stm8
__data_model               = medium
__dlib_file_descriptor     = 0
__dlib_full_locale_support = 0
__rt_version               = 4


*******************************************************************************
*** PLACEMENT SUMMARY
***

"A1":  place at start of [0x000000-0x0000ff] { rw section .vregs };
"A2":  place at end of [0x000000-0x0017ff] { block CSTACK };
"P2":  place in [from 0x000000 to 0x0017ff] {
          block HEAP, rw section .far.bss, rw section .far.data,
          rw section .far.noinit, rw section .far_func.textrw,
          rw section .huge.bss, rw section .huge.data, rw section .huge.noinit,
          rw section .huge_func.textrw, rw section .iar.dynexit,
          rw section .near.bss, rw section .near.data, rw section .near.noinit,
          rw section .near_func.textrw };
"A3":  place at start of [0x008000-0x00ffff] { block INTVEC };
"P3":  place in [from 0x008000 to 0x00ffff] {
          ro section .far.data_init, ro section .far_func.textrw_init,
          ro section .huge.data_init, ro section .huge_func.textrw_init,
          ro section .iar.init_table, ro section .init_array,
          ro section .near.data_init, ro section .near.rodata,
          ro section .near_func.text, ro section .near_func.textrw_init,
          ro section .tiny.data_init, ro section .tiny.rodata_init };

  Section            Kind      Address   Size  Object
  -------            ----      -------   ----  ------
"A1":                                    0x10
  .vregs             uninit   0x000000   0x10  vregs.o [4]
                            - 0x000010   0x10

"P2", part 1 of 2:                       0x12
  P2-1                        0x000010   0x12  <Init block>
    .near.data       inited   0x000010   0x11  oled_rx_main.o [1]
    .near.data       inited   0x000021    0x1  stm8s_it.o [1]
                            - 0x000022   0x12

"P2", part 2 of 2:                      0x206
  .near.bss          zero     0x000022  0x200  SSD1306.o [1]
  .near.bss          zero     0x000222    0x2  oled_rx_main.o [1]
  .near.bss          zero     0x000224    0x2  SSD1306.o [1]
  .near.bss          zero     0x000226    0x1  SSD1306.o [1]
  .near.bss          zero     0x000227    0x1  SSD1306.o [1]
                            - 0x000228  0x206

"A2":                                   0x100
  CSTACK                      0x001700  0x100  <Block>
    CSTACK           uninit   0x001700  0x100  <Block tail>
                            - 0x001800  0x100

Absolute sections:                      0x1e0
  .near.rodata       const    0x004020  0x1e0  SSD1306.o [1]
                            - 0x004200  0x1e0

"A3":                                    0x80
  INTVEC                      0x008000   0x80  <Block>
    .intvec          const    0x008000   0x80  interrupt.o [4]
                            - 0x008080   0x80

"P3":                                   0xf6c
  .near_func.text    ro code  0x008080  0x1f4  nrf24l01.o [1]
  .near_func.text    ro code  0x008274  0x179  SSD1306.o [1]
  .near_func.text    ro code  0x0083ed  0x12e  long.o [4]
  .near_func.text    ro code  0x00851b  0x111  oled_rx_main.o [1]
  .near_func.text    ro code  0x00862c  0x108  stm8s_i2c.o [1]
  .near_func.text    ro code  0x008734   0xf2  vreg_util.o [4]
  .near_func.text    ro code  0x008826   0x7f  SSD1306.o [1]
  .near_func.text    ro code  0x0088a5   0x7e  stm8s_adc1.o [1]
  .near_func.text    ro code  0x008923   0x72  oled_rx_main.o [1]
  .near_func.text    ro code  0x008995   0x6e  init.o [1]
  .near_func.text    ro code  0x008a03   0x66  stm8s_gpio.o [1]
  .near_func.text    ro code  0x008a69   0x4f  short.o [4]
  .near_func.text    ro code  0x008ab8   0x49  stm8s_it.o [1]
  .near_func.text    ro code  0x008b01   0x3f  functions.o [1]
  .near_func.text    ro code  0x008b40   0x37  stm8s_i2c.o [1]
  .near_func.text    ro code  0x008b77   0x36  stm8s_clk.o [1]
  .near_func.text    ro code  0x008bad   0x31  stm8s_adc1.o [1]
  .near_func.text    ro code  0x008bde   0x30  stm8s_spi.o [1]
  .near_func.text    ro code  0x008c0e   0x29  SSD1306.o [1]
  .near_func.text    ro code  0x008c37   0x28  init_small.o [4]
  .near_func.text    ro code  0x008c5f   0x25  stm8s_i2c.o [1]
  .near.rodata       const    0x008c84   0x24  functions.o [1]
  .near_func.text    ro code  0x008ca8   0x22  init.o [1]
  .iar.init_table    const    0x008cca   0x12  - Linker created -
  .near_func.text    ro code  0x008cdc   0x20  init.o [1]
  .near_func.text    ro code  0x008cfc   0x20  init.o [1]
  .near_func.text    ro code  0x008d1c   0x1f  SSD1306.o [1]
  .near_func.text    ro code  0x008d3b   0x1e  init_small.o [4]
  .near_func.text    ro code  0x008d59   0x1b  stm8s_clk.o [1]
  .near.rodata       const    0x008d74   0x1a  SSD1306.o [1]
  .near_func.text    ro code  0x008d8e   0x17  init.o [1]
  .near_func.text    ro code  0x008da5   0x17  oled_rx_main.o [1]
  .near_func.text    ro code  0x008dbc   0x17  init.o [4]
  .near_func.text    ro code  0x008dd3   0x15  stm8s_spi.o [1]
  .near_func.text    ro code  0x008de8   0x13  oled_rx_main.o [1]
  .near_func.text    ro code  0x008dfb   0x13  cstartup.o [4]
  Initializer bytes  const    0x008e0e   0x12  <for P2-1>
  .near.rodata       const    0x008e20   0x11  functions.o [1]
  .near_func.text    ro code  0x008e31   0x11  stm8s_tim4.o [1]
  .near_func.text    ro code  0x008e42   0x10  SSD1306.o [1]
  .near_func.text    ro code  0x008e52    0xf  stm8s_adc1.o [1]
  .near_func.text    ro code  0x008e61    0xf  stm8s_adc1.o [1]
  .near_func.text    ro code  0x008e70    0xe  stm8s_adc1.o [1]
  .near_func.text    ro code  0x008e7e    0xe  stm8s_it.o [1]
  .near_func.text    ro code  0x008e8c    0xe  stm8s_spi.o [1]
  .near_func.text    ro code  0x008e9a    0xd  stm8s_adc1.o [1]
  .near_func.text    ro code  0x008ea7    0xd  stm8s_i2c.o [1]
  .near_func.text    ro code  0x008eb4    0xd  stm8s_spi.o [1]
  .near_func.text    ro code  0x008ec1    0xd  move.o [4]
  .near_func.text    ro code  0x008ece    0xc  init.o [1]
  .near_func.text    ro code  0x008eda    0xc  long_util.o [4]
  .near_func.text    ro code  0x008ee6    0xb  SSD1306.o [1]
  .near_func.text    ro code  0x008ef1    0xb  stm8s_adc1.o [1]
  .near_func.text    ro code  0x008efc    0xb  stm8s_clk.o [1]
  .near_func.text    ro code  0x008f07    0xb  stm8s_gpio.o [1]
  .near_func.text    ro code  0x008f12    0xb  dc_util.o [4]
  .near_func.text    ro code  0x008f1d    0xa  oled_rx_main.o [1]
  .near_func.text    ro code  0x008f27    0xa  SSD1306.o [1]
  .near_func.text    ro code  0x008f31    0x9  functions.o [1]
  .near_func.text    ro code  0x008f3a    0x9  SSD1306.o [1]
  .near_func.text    ro code  0x008f43    0x9  stm8s_adc1.o [1]
  .near_func.text    ro code  0x008f4c    0x9  stm8s_adc1.o [1]
  .near_func.text    ro code  0x008f55    0x9  stm8s_gpio.o [1]
  .near_func.text    ro code  0x008f5e    0x9  stm8s_i2c.o [1]
  .near_func.text    ro code  0x008f67    0x9  stm8s_tim4.o [1]
  .near_func.text    ro code  0x008f70    0x8  stm8s_i2c.o [1]
  .near_func.text    ro code  0x008f78    0x7  SSD1306.o [1]
  .near_func.text    ro code  0x008f7f    0x7  stm8s_adc1.o [1]
  .near_func.text    ro code  0x008f86    0x7  stm8s_adc1.o [1]
  .near_func.text    ro code  0x008f8d    0x7  stm8s_gpio.o [1]
  .near_func.text    ro code  0x008f94    0x6  init.o [1]
  .near_func.text    ro code  0x008f9a    0x6  init.o [1]
  .near_func.text    ro code  0x008fa0    0x6  stm8s_adc1.o [1]
  .near.rodata       const    0x008fa6    0x5  oled_rx_main.o [1]
  .near.rodata       const    0x008fab    0x5  oled_rx_main.o [1]
  .near_func.text    ro code  0x008fb0    0x5  stm8s_tim1.o [1]
  .near_func.text    ro code  0x008fb5    0x5  cexit.o [4]
  .near_func.text    ro code  0x008fba    0x4  SSD1306.o [1]
  .near_func.text    ro code  0x008fbe    0x4  stm8s_gpio.o [1]
  .near_func.text    ro code  0x008fc2    0x4  stm8s_spi.o [1]
  .near_func.text    ro code  0x008fc6    0x4  stm8s_spi.o [1]
  .near_func.text    ro code  0x008fca    0x3  interrupt.o [4]
  .near_func.text    ro code  0x008fcd    0x3  low_level_init.o [4]
  .near_func.text    ro code  0x008fd0    0x3  exit.o [4]
  .near_func.text    ro code  0x008fd3    0x3  unhandled_exception.o [4]
  .near_func.text    ro code  0x008fd6    0x2  init.o [1]
  .near_func.text    ro code  0x008fd8    0x2  xxexit.o [3]
  .near_func.text    ro code  0x008fda    0x1  stm8s_it.o [1]
  .near_func.text    ro code  0x008fdb    0x1  stm8s_it.o [1]
  .near_func.text    ro code  0x008fdc    0x1  stm8s_it.o [1]
  .near_func.text    ro code  0x008fdd    0x1  stm8s_it.o [1]
  .near_func.text    ro code  0x008fde    0x1  stm8s_it.o [1]
  .near_func.text    ro code  0x008fdf    0x1  stm8s_it.o [1]
  .near_func.text    ro code  0x008fe0    0x1  stm8s_it.o [1]
  .near_func.text    ro code  0x008fe1    0x1  stm8s_it.o [1]
  .near_func.text    ro code  0x008fe2    0x1  stm8s_it.o [1]
  .near_func.text    ro code  0x008fe3    0x1  stm8s_it.o [1]
  .near_func.text    ro code  0x008fe4    0x1  stm8s_it.o [1]
  .near_func.text    ro code  0x008fe5    0x1  stm8s_it.o [1]
  .near_func.text    ro code  0x008fe6    0x1  stm8s_it.o [1]
  .near_func.text    ro code  0x008fe7    0x1  stm8s_it.o [1]
  .near_func.text    ro code  0x008fe8    0x1  stm8s_it.o [1]
  .near_func.text    ro code  0x008fe9    0x1  stm8s_it.o [1]
  .near_func.text    ro code  0x008fea    0x1  stm8s_it.o [1]
  .near_func.text    ro code  0x008feb    0x1  stm8s_it.o [1]
                            - 0x008fec  0xf6c


*******************************************************************************
*** INIT TABLE
***

          Address   Size
          -------   ----
Zero (__iar_zero_init2)
    1 destination range, total size 0x206:
          0x000022  0x206

Copy (__iar_copy_init2)
    1 source range, total size 0x12:
          0x008e0e   0x12
    1 destination range, total size 0x12:
          0x000010   0x12



*******************************************************************************
*** MODULE SUMMARY
***

    Module                 ro code  ro data  rw data  ro data
                                                       (abs)
    ------                 -------  -------  -------  -------
D:\STM\STM8\Projects\IAR_STM8S003F3P6_24L01+\Release\Obj: [1]
    SSD1306.o                  633       26      516      480
    functions.o                 72       53
    init.o                     257
    nrf24l01.o                 500
    oled_rx_main.o             439       27       19
    stm8s_adc1.o               281
    stm8s_clk.o                 92
    stm8s_gpio.o               133
    stm8s_i2c.o                386
    stm8s_it.o                 105        1        1
    stm8s_spi.o                104
    stm8s_tim1.o                 5
    stm8s_tim4.o                26
    ---------------------------------------------------------
    Total:                   3 033      107      536      480

command line: [2]
    ---------------------------------------------------------
    Total:

dbgstm8smn.a: [3]
    xxexit.o                     2
    ---------------------------------------------------------
    Total:                       2

dlstm8smn.a: [4]
    cexit.o                      5
    cstartup.o                  19
    dc_util.o                   11
    exit.o                       3
    init.o                      23
    init_small.o                70
    interrupt.o                  3      128
    long.o                     302
    long_util.o                 12
    low_level_init.o             3
    move.o                      13
    short.o                     79
    unhandled_exception.o        3
    vreg_util.o                242
    vregs.o                                       16
    ---------------------------------------------------------
    Total:                     788      128       16

    Linker created                       18      256
-------------------------------------------------------------
    Grand Total:             3 823      253      808      480


*******************************************************************************
*** ENTRY LIST
***

Entry                    Address   Size  Type      Object
-----                    -------   ----  ----      ------
.iar.init_table$$Base   0x008cca          --   Gb  - Linker created -
.iar.init_table$$Limit  0x008cdc          --   Gb  - Linker created -
?b0                     0x000000         Data  Gb  vregs.o [4]
?b1                     0x000001         Data  Gb  vregs.o [4]
?b10                    0x00000a         Data  Gb  vregs.o [4]
?b11                    0x00000b         Data  Gb  vregs.o [4]
?b12                    0x00000c         Data  Gb  vregs.o [4]
?b13                    0x00000d         Data  Gb  vregs.o [4]
?b14                    0x00000e         Data  Gb  vregs.o [4]
?b15                    0x00000f         Data  Gb  vregs.o [4]
?b2                     0x000002         Data  Gb  vregs.o [4]
?b3                     0x000003         Data  Gb  vregs.o [4]
?b4                     0x000004         Data  Gb  vregs.o [4]
?b5                     0x000005         Data  Gb  vregs.o [4]
?b6                     0x000006         Data  Gb  vregs.o [4]
?b7                     0x000007         Data  Gb  vregs.o [4]
?b8                     0x000008         Data  Gb  vregs.o [4]
?b9                     0x000009         Data  Gb  vregs.o [4]
?dc32_px                0x008f12         Code  Gb  dc_util.o [4]
?e0                     0x000001         Data  Gb  vregs.o [4]
?e1                     0x000005         Data  Gb  vregs.o [4]
?e2                     0x000009         Data  Gb  vregs.o [4]
?e3                     0x00000d         Data  Gb  vregs.o [4]
?epilogue_l2            0x0087cf         Code  Gb  vreg_util.o [4]
?epilogue_l2_l3         0x0087cc         Code  Gb  vreg_util.o [4]
?epilogue_l2_w6         0x0087d3         Code  Gb  vreg_util.o [4]
?epilogue_w4            0x0087da         Code  Gb  vreg_util.o [4]
?l0                     0x000000         Data  Gb  vregs.o [4]
?l1                     0x000004         Data  Gb  vregs.o [4]
?l2                     0x000008         Data  Gb  vregs.o [4]
?l3                     0x00000c         Data  Gb  vregs.o [4]
?load32_l1_0x           0x008eda         Code  Gb  long_util.o [4]
?mov_e0_e2              0x0087e8         Code  Gb  vreg_util.o [4]
?mov_e0_e3              0x0087f5         Code  Gb  vreg_util.o [4]
?mov_e1_e0              0x008802         Code  Gb  vreg_util.o [4]
?mov_e2_e0              0x00880f         Code  Gb  vreg_util.o [4]
?mov_e3_e0              0x00881c         Code  Gb  vreg_util.o [4]
?mov_l0_l2              0x0087e5         Code  Gb  vreg_util.o [4]
?mov_l0_l3              0x0087f2         Code  Gb  vreg_util.o [4]
?mov_l1_l0              0x0087ff         Code  Gb  vreg_util.o [4]
?mov_l2_l0              0x00880c         Code  Gb  vreg_util.o [4]
?mov_l3_l0              0x008819         Code  Gb  vreg_util.o [4]
?mov_w1_w4              0x0087de         Code  Gb  vreg_util.o [4]
?mov_w1_w5              0x0087eb         Code  Gb  vreg_util.o [4]
?mov_w1_w7              0x0087f8         Code  Gb  vreg_util.o [4]
?mov_w3_w1              0x008805         Code  Gb  vreg_util.o [4]
?mov_w5_w1              0x008812         Code  Gb  vreg_util.o [4]
?mov_w7_w1              0x00881f         Code  Gb  vreg_util.o [4]
?move1616_v_x_y_a       0x008ec1         Code  Gb  move.o [4]
?mul16_x_x_w0           0x008a69         Code  Gb  short.o [4]
?mul32_l0_l0_0x         0x00840b         Code  Gb  long.o [4]
?mul32_l0_l0_dl         0x008408         Code  Gb  long.o [4]
?mul32_l0_l0_l1         0x008414         Code  Gb  long.o [4]
?pop_l0                 0x008798         Code  Gb  vreg_util.o [4]
?pop_l1                 0x0087a3         Code  Gb  vreg_util.o [4]
?pop_l2                 0x0087ae         Code  Gb  vreg_util.o [4]
?pop_l3                 0x0087b9         Code  Gb  vreg_util.o [4]
?pop_w4                 0x008751         Code  Gb  vreg_util.o [4]
?pop_w6                 0x008758         Code  Gb  vreg_util.o [4]
?push_l0                0x008767         Code  Gb  vreg_util.o [4]
?push_l1                0x00876c         Code  Gb  vreg_util.o [4]
?push_l2                0x008771         Code  Gb  vreg_util.o [4]
?push_l3                0x008776         Code  Gb  vreg_util.o [4]
?push_w4                0x008734         Code  Gb  vreg_util.o [4]
?push_w6                0x008739         Code  Gb  vreg_util.o [4]
?sdiv16_x_x_y           0x008a87         Code  Gb  short.o [4]
?sll16_x_x_4            0x008aab         Code  Gb  short.o [4]
?sll16_x_x_5            0x008aaa         Code  Gb  short.o [4]
?sll16_x_x_6            0x008aa9         Code  Gb  short.o [4]
?sll16_x_x_7            0x008aa8         Code  Gb  short.o [4]
?sll16_x_x_a            0x008aa0         Code  Gb  short.o [4]
?sll32_0x_0x_a          0x00850d         Code  Gb  long.o [4]
?sll32_l0_l0_a          0x00850a         Code  Gb  long.o [4]
?srl16_x_x_4            0x008ab3         Code  Gb  short.o [4]
?srl16_x_x_5            0x008ab2         Code  Gb  short.o [4]
?srl16_x_x_6            0x008ab1         Code  Gb  short.o [4]
?srl16_x_x_7            0x008ab0         Code  Gb  short.o [4]
?sub32_l0_l0_0x         0x0083f0         Code  Gb  long.o [4]
?sub32_l0_l0_l1         0x0083ed         Code  Gb  long.o [4]
?ucmp32_c_l0_l1         0x0084ff         Code  Gb  long.o [4]
?udiv32_l0_l0_l1        0x008492         Code  Gb  long.o [4]
?umod32_l1_l0_l1        0x008492         Code  Gb  long.o [4]
?w0                     0x000000         Data  Gb  vregs.o [4]
?w1                     0x000002         Data  Gb  vregs.o [4]
?w2                     0x000004         Data  Gb  vregs.o [4]
?w3                     0x000006         Data  Gb  vregs.o [4]
?w4                     0x000008         Data  Gb  vregs.o [4]
?w5                     0x00000a         Data  Gb  vregs.o [4]
?w6                     0x00000c         Data  Gb  vregs.o [4]
?w7                     0x00000e         Data  Gb  vregs.o [4]
ADC1_Cmd                0x008e9a    0xd  Code  Gb  stm8s_adc1.o [1]
ADC1_DeInit             0x008bad   0x31  Code  Gb  stm8s_adc1.o [1]
ADC1_IRQHandler         0x008fea    0x1  Code  Gb  stm8s_it.o [1]
ADC1_Init               0x0088a5   0x7e  Code  Gb  stm8s_adc1.o [1]
AWU_IRQHandler          0x008fdc    0x1  Code  Gb  stm8s_it.o [1]
CLK_DeInit              0x008b77   0x36  Code  Gb  stm8s_clk.o [1]
CLK_IRQHandler          0x008fdd    0x1  Code  Gb  stm8s_it.o [1]
CLK_SYSCLKConfig        0x008d59   0x1b  Code  Gb  stm8s_clk.o [1]
CSTACK$$Base            0x001700          --   Gb  - Linker created -
CSTACK$$Limit           0x001800          --   Gb  - Linker created -
Char_arr                0x000010   0x11  Data  Gb  oled_rx_main.o [1]
Chars                   0x008e20   0x11  Data  Gb  functions.o [1]
Chip_Staus              0x008923   0x72  Code  Gb  oled_rx_main.o [1]
EEPROM_EEC_IRQHandler   0x008feb    0x1  Code  Gb  stm8s_it.o [1]
EXTI_PORTA_IRQHandler   0x008fde    0x1  Code  Gb  stm8s_it.o [1]
EXTI_PORTB_IRQHandler   0x008fdf    0x1  Code  Gb  stm8s_it.o [1]
EXTI_PORTC_IRQHandler   0x008fe0    0x1  Code  Gb  stm8s_it.o [1]
EXTI_PORTD_IRQHandler   0x008fe1    0x1  Code  Gb  stm8s_it.o [1]
EXTI_PORTE_IRQHandler   0x008fe2    0x1  Code  Gb  stm8s_it.o [1]
GPIO_DeInit             0x008f07    0xb  Code  Gb  stm8s_gpio.o [1]
GPIO_Init               0x008a03   0x66  Code  Gb  stm8s_gpio.o [1]
GPIO_WriteHigh          0x008f8d    0x7  Code  Gb  stm8s_gpio.o [1]
GPIO_WriteLow           0x008fbe    0x4  Code  Gb  stm8s_gpio.o [1]
I2C_CheckEvent          0x008b40   0x37  Code  Gb  stm8s_i2c.o [1]
I2C_DeInit              0x008c5f   0x25  Code  Gb  stm8s_i2c.o [1]
I2C_IRQHandler          0x008fe9    0x1  Code  Gb  stm8s_it.o [1]
I2C_Init                0x00862c  0x108  Code  Gb  stm8s_i2c.o [1]
I2C_Send7bitAddress     0x008f70    0x8  Code  Gb  stm8s_i2c.o [1]
INTVEC$$Base            0x008000          --   Gb  - Linker created -
INTVEC$$Limit           0x008080          --   Gb  - Linker created -
Init_ADC                0x008ca8   0x22  Code  Gb  init.o [1]
Init_CLK                0x008ece    0xc  Code  Gb  init.o [1]
Init_GPIO               0x008995   0x6e  Code  Gb  init.o [1]
Init_I2C                0x008cfc   0x20  Code  Gb  init.o [1]
Init_ITC                0x008fd6    0x2  Code  Gb  init.o [1]
Init_SPI                0x008cdc   0x20  Code  Gb  init.o [1]
IntToString             0x008b01   0x3f  Code  Gb  functions.o [1]
LCD_Chr                 0x008826   0x7f  Code  Gb  SSD1306.o [1]
LCD_Clear               0x008375   0x16  Code  Gb  SSD1306.o [1]
LCD_FStr                0x008c0e   0x29  Code  Gb  SSD1306.o [1]
LCD_Flip                0x0082c9   0x17  Code  Gb  SSD1306.o [1]
LCD_GotoXY              0x008e42   0x10  Code  Gb  SSD1306.o [1]
LCD_Init                0x0082e0   0x6d  Code  Gb  SSD1306.o [1]
LCD_Mode                0x0082bb    0xe  Code  Gb  SSD1306.o [1]
LCD_Update              0x00838b   0x5b  Code  Gb  SSD1306.o [1]
LCD_command             0x008274   0x47  Code  Gb  SSD1306.o [1]
NRF24L01_Clear_Interrupts
                        0x0081bc    0x9  Code  Gb  nrf24l01.o [1]
NRF24L01_Disable_All_Pipes
                        0x0081b5    0x7  Code  Gb  nrf24l01.o [1]
NRF24L01_Flush_RX       0x0081d1    0xb  Code  Gb  nrf24l01.o [1]
NRF24L01_Get_Status     0x008184    0xd  Code  Gb  nrf24l01.o [1]
NRF24L01_Init           0x0081e5   0x7a  Code  Gb  nrf24l01.o [1]
NRF24L01_ReadReg        0x0080a2    0xf  Code  Gb  nrf24l01.o [1]
NRF24L01_ReadRegBuf     0x0080e6   0x35  Code  Gb  nrf24l01.o [1]
NRF24L01_Read_RX_Buf    0x008266    0x5  Code  Gb  nrf24l01.o [1]
NRF24L01_Set_Power      0x008191   0x12  Code  Gb  nrf24l01.o [1]
NRF24L01_WriteReg       0x0080c6   0x18  Code  Gb  nrf24l01.o [1]
NRF24L01_WriteRegBuf    0x00812a   0x34  Code  Gb  nrf24l01.o [1]
Region$$Table$$Base     0x008cca          --   Gb  - Linker created -
Region$$Table$$Limit    0x008cdc          --   Gb  - Linker created -
SPI_Cmd                 0x008eb4    0xd  Code  Gb  stm8s_spi.o [1]
SPI_DeInit              0x008dd3   0x15  Code  Gb  stm8s_spi.o [1]
SPI_Exchange            0x008080   0x22  Code  Gb  nrf24l01.o [1]
SPI_GetFlagStatus       0x008e8c    0xe  Code  Gb  stm8s_spi.o [1]
SPI_IRQHandler          0x008fe3    0x1  Code  Gb  stm8s_it.o [1]
SPI_Init                0x008bde   0x30  Code  Gb  stm8s_spi.o [1]
SPI_ReceiveData         0x008fc6    0x4  Code  Gb  stm8s_spi.o [1]
SPI_SendData            0x008fc2    0x4  Code  Gb  stm8s_spi.o [1]
TIM1_CAP_COM_IRQHandler
                        0x008fe4    0x1  Code  Gb  stm8s_it.o [1]
TIM1_ClearITPendingBit  0x008fb0    0x5  Code  Gb  stm8s_tim1.o [1]
TIM1_UPD_OVF_TRG_BRK_IRQHandler
                        0x008ab8   0x49  Code  Gb  stm8s_it.o [1]
TIM2_CAP_COM_IRQHandler
                        0x008fe6    0x1  Code  Gb  stm8s_it.o [1]
TIM2_UPD_OVF_BRK_IRQHandler
                        0x008fe5    0x1  Code  Gb  stm8s_it.o [1]
TIM4_Config             0x008d8e   0x17  Code  Gb  init.o [1]
TIM4_ITConfig           0x008e31   0x11  Code  Gb  stm8s_tim4.o [1]
TIM4_TimeBaseInit       0x008f67    0x9  Code  Gb  stm8s_tim4.o [1]
TIM4_UPD_OVF_IRQHandler
                        0x008e7e    0xe  Code  Gb  stm8s_it.o [1]
TLI_IRQHandler          0x008fdb    0x1  Code  Gb  stm8s_it.o [1]
TRAP_IRQHandler         0x008fda    0x1  Code  Gb  stm8s_it.o [1]
UART1_RX_IRQHandler     0x008fe8    0x1  Code  Gb  stm8s_it.o [1]
UART1_TX_IRQHandler     0x008fe7    0x1  Code  Gb  stm8s_it.o [1]
__exit                  0x008fd8    0x2  Code  Gb  xxexit.o [3]
__iar_copy_init2        0x008c37         Code  Gb  init_small.o [4]
__iar_data_init2        0x008dbc   0x17  Code  Gb  init.o [4]
__iar_program_start     0x008dfb         Code  Gb  cstartup.o [4]
__iar_unhandled_exception
                        0x008fd3         Code  Gb  unhandled_exception.o [4]
__iar_zero_init2        0x008d3b         Code  Gb  init_small.o [4]
__intvec                0x008000         Data  Gb  interrupt.o [4]
__low_level_init        0x008fcd    0x3  Code  Gb  low_level_init.o [4]
_exit                   0x008fb5         Code  Gb  cexit.o [4]
_interrupt_1            0x008fda         Code  Gb  stm8s_it.o [1]
_interrupt_12           0x008fe3         Code  Gb  stm8s_it.o [1]
_interrupt_13           0x008ab8         Code  Gb  stm8s_it.o [1]
_interrupt_14           0x008fe4         Code  Gb  stm8s_it.o [1]
_interrupt_15           0x008fe5         Code  Gb  stm8s_it.o [1]
_interrupt_16           0x008fe6         Code  Gb  stm8s_it.o [1]
_interrupt_19           0x008fe7         Code  Gb  stm8s_it.o [1]
_interrupt_2            0x008fdb         Code  Gb  stm8s_it.o [1]
_interrupt_20           0x008fe8         Code  Gb  stm8s_it.o [1]
_interrupt_21           0x008fe9         Code  Gb  stm8s_it.o [1]
_interrupt_24           0x008fea         Code  Gb  stm8s_it.o [1]
_interrupt_25           0x008e7e         Code  Gb  stm8s_it.o [1]
_interrupt_26           0x008feb         Code  Gb  stm8s_it.o [1]
_interrupt_3            0x008fdc         Code  Gb  stm8s_it.o [1]
_interrupt_4            0x008fdd         Code  Gb  stm8s_it.o [1]
_interrupt_5            0x008fde         Code  Gb  stm8s_it.o [1]
_interrupt_6            0x008fdf         Code  Gb  stm8s_it.o [1]
_interrupt_7            0x008fe0         Code  Gb  stm8s_it.o [1]
_interrupt_8            0x008fe1         Code  Gb  stm8s_it.o [1]
_interrupt_9            0x008fe2         Code  Gb  stm8s_it.o [1]
comm                    0x008d74   0x1a  Data  Gb  SSD1306.o [1]
count                   0x000222    0x2  Data  Gb  oled_rx_main.o [1]
delay                   0x008f31    0x9  Code  Gb  functions.o [1]
exit                    0x008fd0    0x3  Code  Gb  exit.o [4]
font                    0x004020  0x1e0  Data  Gb  SSD1306.o [1]
lcd_buff                0x000022  0x200  Data  Gb  SSD1306.o [1]
lcd_buff_idx            0x000224    0x2  Data  Gb  SSD1306.o [1]
main                    0x00851b  0x111  Code  Gb  oled_rx_main.o [1]
step                    0x008c84   0x24  Data  Gb  functions.o [1]
x_cur                   0x000226    0x1  Data  Gb  SSD1306.o [1]
y_cur                   0x000227    0x1  Data  Gb  SSD1306.o [1]


[1] = D:\STM\STM8\Projects\IAR_STM8S003F3P6_24L01+\Release\Obj
[2] = command line
[3] = dbgstm8smn.a
[4] = dlstm8smn.a

  3 823 bytes of readonly  code memory
    253 bytes of readonly  data memory (+ 480 absolute)
    808 bytes of readwrite data memory

Errors: none
Warnings: none
