###############################################################################
#
# IAR ELF Linker V2.20.1.176 for STM8                     12/Apr/2020  22:48:20
# Copyright 2010-2015 IAR Systems AB.
#
#    Output file  =  
#        D:\STM\STM8\Projects\IAR_STM8S003F3P6_24L01+\Release\Exe\Tank_NRF24L01_RX.out
#    Map file     =  
#        D:\STM\STM8\Projects\IAR_STM8S003F3P6_24L01+\Release\List\Tank_NRF24L01_RX.map
#    Command line =  
#        D:\STM\STM8\Projects\IAR_STM8S003F3P6_24L01+\Release\Obj\functions.o
#        D:\STM\STM8\Projects\IAR_STM8S003F3P6_24L01+\Release\Obj\init.o
#        D:\STM\STM8\Projects\IAR_STM8S003F3P6_24L01+\Release\Obj\nrf24l01.o
#        D:\STM\STM8\Projects\IAR_STM8S003F3P6_24L01+\Release\Obj\stm8s_adc1.o
#        D:\STM\STM8\Projects\IAR_STM8S003F3P6_24L01+\Release\Obj\stm8s_awu.o
#        D:\STM\STM8\Projects\IAR_STM8S003F3P6_24L01+\Release\Obj\stm8s_beep.o
#        D:\STM\STM8\Projects\IAR_STM8S003F3P6_24L01+\Release\Obj\stm8s_clk.o
#        D:\STM\STM8\Projects\IAR_STM8S003F3P6_24L01+\Release\Obj\stm8s_exti.o
#        D:\STM\STM8\Projects\IAR_STM8S003F3P6_24L01+\Release\Obj\stm8s_flash.o
#        D:\STM\STM8\Projects\IAR_STM8S003F3P6_24L01+\Release\Obj\stm8s_gpio.o
#        D:\STM\STM8\Projects\IAR_STM8S003F3P6_24L01+\Release\Obj\stm8s_i2c.o
#        D:\STM\STM8\Projects\IAR_STM8S003F3P6_24L01+\Release\Obj\stm8s_it.o
#        D:\STM\STM8\Projects\IAR_STM8S003F3P6_24L01+\Release\Obj\stm8s_itc.o
#        D:\STM\STM8\Projects\IAR_STM8S003F3P6_24L01+\Release\Obj\stm8s_iwdg.o
#        D:\STM\STM8\Projects\IAR_STM8S003F3P6_24L01+\Release\Obj\stm8s_rst.o
#        D:\STM\STM8\Projects\IAR_STM8S003F3P6_24L01+\Release\Obj\stm8s_spi.o
#        D:\STM\STM8\Projects\IAR_STM8S003F3P6_24L01+\Release\Obj\stm8s_tim1.o
#        D:\STM\STM8\Projects\IAR_STM8S003F3P6_24L01+\Release\Obj\stm8s_tim2.o
#        D:\STM\STM8\Projects\IAR_STM8S003F3P6_24L01+\Release\Obj\stm8s_tim4.o
#        D:\STM\STM8\Projects\IAR_STM8S003F3P6_24L01+\Release\Obj\stm8s_uart1.o
#        D:\STM\STM8\Projects\IAR_STM8S003F3P6_24L01+\Release\Obj\stm8s_wwdg.o
#        D:\STM\STM8\Projects\IAR_STM8S003F3P6_24L01+\Release\Obj\tank_rx_main.o
#        --redirect _Printf=_PrintfSmall --redirect _Scanf=_ScanfSmall -o
#        D:\STM\STM8\Projects\IAR_STM8S003F3P6_24L01+\Release\Exe\Tank_NRF24L01_RX.out
#        --map
#        D:\STM\STM8\Projects\IAR_STM8S003F3P6_24L01+\Release\List\Tank_NRF24L01_RX.map
#        --config "C:\Program Files (x86)\IAR Systems\Embedded Workbench
#        7.3\stm8\config\lnkstm8.icf" --config_def _CSTACK_SIZE=0x100
#        --config_def _HEAP_SIZE=0x100 --entry __iar_program_start
#
###############################################################################

*******************************************************************************
*** RUNTIME MODEL ATTRIBUTES
***

__SystemLibrary            = DLib
__code_model               = small
__core                     = stm8
__data_model               = medium
__dlib_file_descriptor     = 0
__dlib_full_locale_support = 0
__rt_version               = 4


*******************************************************************************
*** PLACEMENT SUMMARY
***

"A1":  place at start of [0x000000-0x0000ff] { rw section .vregs };
"A2":  place at end of [0x000000-0x0017ff] { block CSTACK };
"P2":  place in [from 0x000000 to 0x0017ff] {
          block HEAP, rw section .far.bss, rw section .far.data,
          rw section .far.noinit, rw section .far_func.textrw,
          rw section .huge.bss, rw section .huge.data, rw section .huge.noinit,
          rw section .huge_func.textrw, rw section .iar.dynexit,
          rw section .near.bss, rw section .near.data, rw section .near.noinit,
          rw section .near_func.textrw };
"A3":  place at start of [0x008000-0x00ffff] { block INTVEC };
"P3":  place in [from 0x008000 to 0x00ffff] {
          ro section .far.data_init, ro section .far_func.textrw_init,
          ro section .huge.data_init, ro section .huge_func.textrw_init,
          ro section .iar.init_table, ro section .init_array,
          ro section .near.data_init, ro section .near.rodata,
          ro section .near_func.text, ro section .near_func.textrw_init,
          ro section .tiny.data_init, ro section .tiny.rodata_init };

  Section            Kind      Address   Size  Object
  -------            ----      -------   ----  ------
"A1":                                    0x10
  .vregs             uninit   0x000000   0x10  vregs.o [4]
                            - 0x000010   0x10

"P2":                                     0x5
  P2-1                        0x000010    0x5  <Init block>
    .near.data       inited   0x000010    0x1  stm8s_it.o [1]
    .near.data       inited   0x000011    0x1  tank_rx_main.o [1]
    .near.bss        inited   0x000012    0x2  tank_rx_main.o [1]
    .near.bss        inited   0x000014    0x1  tank_rx_main.o [1]
                            - 0x000015    0x5

"A2":                                   0x100
  CSTACK                      0x001700  0x100  <Block>
    CSTACK           uninit   0x001700  0x100  <Block tail>
                            - 0x001800  0x100

"A3":                                    0x80
  INTVEC                      0x008000   0x80  <Block>
    .intvec          const    0x008000   0x80  interrupt.o [4]
                            - 0x008080   0x80

"P3":                                   0x9e2
  .near_func.text    ro code  0x008080  0x1f4  nrf24l01.o [1]
  .near_func.text    ro code  0x008274  0x18a  tank_rx_main.o [1]
  .near_func.text    ro code  0x0083fe   0xa5  vreg_util.o [4]
  .near_func.text    ro code  0x0084a3   0x7e  stm8s_adc1.o [1]
  .near_func.text    ro code  0x008521   0x6e  init.o [1]
  .near_func.text    ro code  0x00858f   0x66  stm8s_gpio.o [1]
  .near_func.text    ro code  0x0085f5   0x4f  stm8s_tim2.o [1]
  .near_func.text    ro code  0x008644   0x49  stm8s_it.o [1]
  .near_func.text    ro code  0x00868d   0x3f  short.o [4]
  .near_func.text    ro code  0x0086cc   0x36  stm8s_clk.o [1]
  .near_func.text    ro code  0x008702   0x31  stm8s_adc1.o [1]
  .near_func.text    ro code  0x008733   0x30  stm8s_spi.o [1]
  .near_func.text    ro code  0x008763   0x28  init_small.o [4]
  .near_func.text    ro code  0x00878b   0x22  init.o [1]
  .near_func.text    ro code  0x0087ad   0x22  stm8s_tim2.o [1]
  .iar.init_table    const    0x0087cf    0xa  - Linker created -
  .near_func.text    ro code  0x0087d9   0x20  init.o [1]
  .near_func.text    ro code  0x0087f9   0x1c  stm8s_tim2.o [1]
  .near_func.text    ro code  0x008815   0x1b  stm8s_clk.o [1]
  .near_func.text    ro code  0x008830   0x17  init.o [1]
  .near_func.text    ro code  0x008847   0x17  init.o [4]
  .near_func.text    ro code  0x00885e   0x15  stm8s_spi.o [1]
  .near_func.text    ro code  0x008873   0x15  tank_rx_main.o [1]
  .near_func.text    ro code  0x008888   0x13  cstartup.o [4]
  .near_func.text    ro code  0x00889b   0x11  stm8s_tim4.o [1]
  .near_func.text    ro code  0x0088ac    0xf  stm8s_adc1.o [1]
  .near_func.text    ro code  0x0088bb    0xf  stm8s_adc1.o [1]
  .near_func.text    ro code  0x0088ca    0xf  stm8s_tim2.o [1]
  .near_func.text    ro code  0x0088d9    0xe  stm8s_adc1.o [1]
  .near_func.text    ro code  0x0088e7    0xe  stm8s_it.o [1]
  .near_func.text    ro code  0x0088f5    0xe  stm8s_spi.o [1]
  .near_func.text    ro code  0x008903    0xd  stm8s_adc1.o [1]
  .near_func.text    ro code  0x008910    0xd  stm8s_spi.o [1]
  .near_func.text    ro code  0x00891d    0xd  stm8s_tim2.o [1]
  .near_func.text    ro code  0x00892a    0xd  move.o [4]
  .near_func.text    ro code  0x008937    0xc  init.o [1]
  .near_func.text    ro code  0x008943    0xb  stm8s_adc1.o [1]
  .near_func.text    ro code  0x00894e    0xb  stm8s_clk.o [1]
  .near_func.text    ro code  0x008959    0xb  stm8s_gpio.o [1]
  .near_func.text    ro code  0x008964    0xa  tank_rx_main.o [1]
  .near_func.text    ro code  0x00896e    0x9  functions.o [1]
  .near_func.text    ro code  0x008977    0x9  stm8s_adc1.o [1]
  .near_func.text    ro code  0x008980    0x9  stm8s_adc1.o [1]
  .near_func.text    ro code  0x008989    0x9  stm8s_gpio.o [1]
  .near_func.text    ro code  0x008992    0x9  stm8s_tim2.o [1]
  .near_func.text    ro code  0x00899b    0x9  stm8s_tim2.o [1]
  .near_func.text    ro code  0x0089a4    0x9  stm8s_tim2.o [1]
  .near_func.text    ro code  0x0089ad    0x9  stm8s_tim2.o [1]
  .near_func.text    ro code  0x0089b6    0x9  stm8s_tim2.o [1]
  .near_func.text    ro code  0x0089bf    0x9  stm8s_tim2.o [1]
  .near_func.text    ro code  0x0089c8    0x9  stm8s_tim2.o [1]
  .near_func.text    ro code  0x0089d1    0x9  stm8s_tim4.o [1]
  .near_func.text    ro code  0x0089da    0x9  tank_rx_main.o [1]
  .near_func.text    ro code  0x0089e3    0x7  stm8s_adc1.o [1]
  .near_func.text    ro code  0x0089ea    0x7  stm8s_adc1.o [1]
  .near_func.text    ro code  0x0089f1    0x7  stm8s_gpio.o [1]
  .near_func.text    ro code  0x0089f8    0x7  stm8s_gpio.o [1]
  .near_func.text    ro code  0x0089ff    0x7  stm8s_tim2.o [1]
  .near_func.text    ro code  0x008a06    0x6  init.o [1]
  .near_func.text    ro code  0x008a0c    0x6  init.o [1]
  .near_func.text    ro code  0x008a12    0x6  stm8s_adc1.o [1]
  .near.rodata       const    0x008a18    0x5  tank_rx_main.o [1]
  .near_func.text    ro code  0x008a1d    0x5  stm8s_tim1.o [1]
  .near_func.text    ro code  0x008a22    0x5  cexit.o [4]
  Initializer bytes  const    0x008a27    0x5  <for P2-1>
  .near_func.text    ro code  0x008a2c    0x4  stm8s_gpio.o [1]
  .near_func.text    ro code  0x008a30    0x4  stm8s_spi.o [1]
  .near_func.text    ro code  0x008a34    0x4  stm8s_spi.o [1]
  .near_func.text    ro code  0x008a38    0x4  stm8s_tim2.o [1]
  .near_func.text    ro code  0x008a3c    0x4  stm8s_tim2.o [1]
  .near_func.text    ro code  0x008a40    0x3  interrupt.o [4]
  .near_func.text    ro code  0x008a43    0x3  low_level_init.o [4]
  .near_func.text    ro code  0x008a46    0x3  exit.o [4]
  .near_func.text    ro code  0x008a49    0x3  unhandled_exception.o [4]
  .near_func.text    ro code  0x008a4c    0x2  init.o [1]
  .near_func.text    ro code  0x008a4e    0x2  xxexit.o [3]
  .near_func.text    ro code  0x008a50    0x1  stm8s_it.o [1]
  .near_func.text    ro code  0x008a51    0x1  stm8s_it.o [1]
  .near_func.text    ro code  0x008a52    0x1  stm8s_it.o [1]
  .near_func.text    ro code  0x008a53    0x1  stm8s_it.o [1]
  .near_func.text    ro code  0x008a54    0x1  stm8s_it.o [1]
  .near_func.text    ro code  0x008a55    0x1  stm8s_it.o [1]
  .near_func.text    ro code  0x008a56    0x1  stm8s_it.o [1]
  .near_func.text    ro code  0x008a57    0x1  stm8s_it.o [1]
  .near_func.text    ro code  0x008a58    0x1  stm8s_it.o [1]
  .near_func.text    ro code  0x008a59    0x1  stm8s_it.o [1]
  .near_func.text    ro code  0x008a5a    0x1  stm8s_it.o [1]
  .near_func.text    ro code  0x008a5b    0x1  stm8s_it.o [1]
  .near_func.text    ro code  0x008a5c    0x1  stm8s_it.o [1]
  .near_func.text    ro code  0x008a5d    0x1  stm8s_it.o [1]
  .near_func.text    ro code  0x008a5e    0x1  stm8s_it.o [1]
  .near_func.text    ro code  0x008a5f    0x1  stm8s_it.o [1]
  .near_func.text    ro code  0x008a60    0x1  stm8s_it.o [1]
  .near_func.text    ro code  0x008a61    0x1  stm8s_it.o [1]
                            - 0x008a62  0x9e2


*******************************************************************************
*** INIT TABLE
***

          Address   Size
          -------   ----
Copy (__iar_copy_init2)
    1 source range, total size 0x5:
          0x008a27   0x5
    1 destination range, total size 0x5:
          0x000010   0x5



*******************************************************************************
*** MODULE SUMMARY
***

    Module                 ro code  ro data  rw data
    ------                 -------  -------  -------
D:\STM\STM8\Projects\IAR_STM8S003F3P6_24L01+\Release\Obj: [1]
    functions.o                  9
    init.o                     225
    nrf24l01.o                 500
    stm8s_adc1.o               281
    stm8s_clk.o                 92
    stm8s_gpio.o               140
    stm8s_it.o                 105        1        1
    stm8s_spi.o                104
    stm8s_tim1.o                 5
    stm8s_tim2.o               247
    stm8s_tim4.o                26
    tank_rx_main.o             434        9        4
    ------------------------------------------------
    Total:                   2 168       10        5

command line: [2]
    ------------------------------------------------
    Total:

dbgstm8smn.a: [3]
    xxexit.o                     2
    ------------------------------------------------
    Total:                       2

dlstm8smn.a: [4]
    cexit.o                      5
    cstartup.o                  19
    exit.o                       3
    init.o                      23
    init_small.o                40
    interrupt.o                  3      128
    low_level_init.o             3
    move.o                      13
    short.o                     63
    unhandled_exception.o        3
    vreg_util.o                165
    vregs.o                                       16
    ------------------------------------------------
    Total:                     340      128       16

    Linker created                       10      256
----------------------------------------------------
    Grand Total:             2 510      148      277


*******************************************************************************
*** ENTRY LIST
***

Entry                    Address   Size  Type      Object
-----                    -------   ----  ----      ------
.iar.init_table$$Base   0x0087cf          --   Gb  - Linker created -
.iar.init_table$$Limit  0x0087d9          --   Gb  - Linker created -
?b0                     0x000000         Data  Gb  vregs.o [4]
?b1                     0x000001         Data  Gb  vregs.o [4]
?b10                    0x00000a         Data  Gb  vregs.o [4]
?b11                    0x00000b         Data  Gb  vregs.o [4]
?b12                    0x00000c         Data  Gb  vregs.o [4]
?b13                    0x00000d         Data  Gb  vregs.o [4]
?b14                    0x00000e         Data  Gb  vregs.o [4]
?b15                    0x00000f         Data  Gb  vregs.o [4]
?b2                     0x000002         Data  Gb  vregs.o [4]
?b3                     0x000003         Data  Gb  vregs.o [4]
?b4                     0x000004         Data  Gb  vregs.o [4]
?b5                     0x000005         Data  Gb  vregs.o [4]
?b6                     0x000006         Data  Gb  vregs.o [4]
?b7                     0x000007         Data  Gb  vregs.o [4]
?b8                     0x000008         Data  Gb  vregs.o [4]
?b9                     0x000009         Data  Gb  vregs.o [4]
?e0                     0x000001         Data  Gb  vregs.o [4]
?e1                     0x000005         Data  Gb  vregs.o [4]
?e2                     0x000009         Data  Gb  vregs.o [4]
?e3                     0x00000d         Data  Gb  vregs.o [4]
?epilogue_l2            0x008486         Code  Gb  vreg_util.o [4]
?epilogue_l2_w6         0x00848a         Code  Gb  vreg_util.o [4]
?epilogue_w4            0x008491         Code  Gb  vreg_util.o [4]
?l0                     0x000000         Data  Gb  vregs.o [4]
?l1                     0x000004         Data  Gb  vregs.o [4]
?l2                     0x000008         Data  Gb  vregs.o [4]
?l3                     0x00000c         Data  Gb  vregs.o [4]
?mov_w1_w0              0x008495         Code  Gb  vreg_util.o [4]
?mov_w4_w0              0x00849c         Code  Gb  vreg_util.o [4]
?move1616_v_x_y_a       0x00892a         Code  Gb  move.o [4]
?mul16_x_x_w0           0x00868d         Code  Gb  short.o [4]
?pop_l0                 0x00845d         Code  Gb  vreg_util.o [4]
?pop_l1                 0x008468         Code  Gb  vreg_util.o [4]
?pop_l2                 0x008473         Code  Gb  vreg_util.o [4]
?pop_w4                 0x00841b         Code  Gb  vreg_util.o [4]
?pop_w6                 0x008422         Code  Gb  vreg_util.o [4]
?push_l0                0x008431         Code  Gb  vreg_util.o [4]
?push_l1                0x008436         Code  Gb  vreg_util.o [4]
?push_l2                0x00843b         Code  Gb  vreg_util.o [4]
?push_w4                0x0083fe         Code  Gb  vreg_util.o [4]
?push_w6                0x008403         Code  Gb  vreg_util.o [4]
?sdiv16_x_x_y           0x0086ab         Code  Gb  short.o [4]
?sll16_x_x_a            0x0086c4         Code  Gb  short.o [4]
?w0                     0x000000         Data  Gb  vregs.o [4]
?w1                     0x000002         Data  Gb  vregs.o [4]
?w2                     0x000004         Data  Gb  vregs.o [4]
?w3                     0x000006         Data  Gb  vregs.o [4]
?w4                     0x000008         Data  Gb  vregs.o [4]
?w5                     0x00000a         Data  Gb  vregs.o [4]
?w6                     0x00000c         Data  Gb  vregs.o [4]
?w7                     0x00000e         Data  Gb  vregs.o [4]
ADC1_Cmd                0x008903    0xd  Code  Gb  stm8s_adc1.o [1]
ADC1_DeInit             0x008702   0x31  Code  Gb  stm8s_adc1.o [1]
ADC1_IRQHandler         0x008a60    0x1  Code  Gb  stm8s_it.o [1]
ADC1_Init               0x0084a3   0x7e  Code  Gb  stm8s_adc1.o [1]
AWU_IRQHandler          0x008a52    0x1  Code  Gb  stm8s_it.o [1]
CLK_DeInit              0x0086cc   0x36  Code  Gb  stm8s_clk.o [1]
CLK_IRQHandler          0x008a53    0x1  Code  Gb  stm8s_it.o [1]
CLK_SYSCLKConfig        0x008815   0x1b  Code  Gb  stm8s_clk.o [1]
CSTACK$$Base            0x001700          --   Gb  - Linker created -
CSTACK$$Limit           0x001800          --   Gb  - Linker created -
EEPROM_EEC_IRQHandler   0x008a61    0x1  Code  Gb  stm8s_it.o [1]
EXTI_PORTA_IRQHandler   0x008a54    0x1  Code  Gb  stm8s_it.o [1]
EXTI_PORTB_IRQHandler   0x008a55    0x1  Code  Gb  stm8s_it.o [1]
EXTI_PORTC_IRQHandler   0x008a56    0x1  Code  Gb  stm8s_it.o [1]
EXTI_PORTD_IRQHandler   0x008a57    0x1  Code  Gb  stm8s_it.o [1]
EXTI_PORTE_IRQHandler   0x008a58    0x1  Code  Gb  stm8s_it.o [1]
GPIO_DeInit             0x008959    0xb  Code  Gb  stm8s_gpio.o [1]
GPIO_Init               0x00858f   0x66  Code  Gb  stm8s_gpio.o [1]
GPIO_WriteHigh          0x0089f1    0x7  Code  Gb  stm8s_gpio.o [1]
GPIO_WriteLow           0x008a2c    0x4  Code  Gb  stm8s_gpio.o [1]
GPIO_WriteReverse       0x0089f8    0x7  Code  Gb  stm8s_gpio.o [1]
I2C_IRQHandler          0x008a5f    0x1  Code  Gb  stm8s_it.o [1]
INTVEC$$Base            0x008000          --   Gb  - Linker created -
INTVEC$$Limit           0x008080          --   Gb  - Linker created -
Init_ADC                0x00878b   0x22  Code  Gb  init.o [1]
Init_CLK                0x008937    0xc  Code  Gb  init.o [1]
Init_GPIO               0x008521   0x6e  Code  Gb  init.o [1]
Init_ITC                0x008a4c    0x2  Code  Gb  init.o [1]
Init_SPI                0x0087d9   0x20  Code  Gb  init.o [1]
NRF24L01_Clear_Interrupts
                        0x0081bc    0x9  Code  Gb  nrf24l01.o [1]
NRF24L01_Disable_All_Pipes
                        0x0081b5    0x7  Code  Gb  nrf24l01.o [1]
NRF24L01_Flush_RX       0x0081d1    0xb  Code  Gb  nrf24l01.o [1]
NRF24L01_Get_Status     0x008184    0xd  Code  Gb  nrf24l01.o [1]
NRF24L01_Init           0x0081e5   0x7a  Code  Gb  nrf24l01.o [1]
NRF24L01_ReadReg        0x0080a2    0xf  Code  Gb  nrf24l01.o [1]
NRF24L01_ReadRegBuf     0x0080e6   0x35  Code  Gb  nrf24l01.o [1]
NRF24L01_Read_RX_Buf    0x008266    0x5  Code  Gb  nrf24l01.o [1]
NRF24L01_Set_Power      0x008191   0x12  Code  Gb  nrf24l01.o [1]
NRF24L01_WriteReg       0x0080c6   0x18  Code  Gb  nrf24l01.o [1]
NRF24L01_WriteRegBuf    0x00812a   0x34  Code  Gb  nrf24l01.o [1]
Region$$Table$$Base     0x0087cf          --   Gb  - Linker created -
Region$$Table$$Limit    0x0087d9          --   Gb  - Linker created -
SPI_Cmd                 0x008910    0xd  Code  Gb  stm8s_spi.o [1]
SPI_DeInit              0x00885e   0x15  Code  Gb  stm8s_spi.o [1]
SPI_Exchange            0x008080   0x22  Code  Gb  nrf24l01.o [1]
SPI_GetFlagStatus       0x0088f5    0xe  Code  Gb  stm8s_spi.o [1]
SPI_IRQHandler          0x008a59    0x1  Code  Gb  stm8s_it.o [1]
SPI_Init                0x008733   0x30  Code  Gb  stm8s_spi.o [1]
SPI_ReceiveData         0x008a34    0x4  Code  Gb  stm8s_spi.o [1]
SPI_SendData            0x008a30    0x4  Code  Gb  stm8s_spi.o [1]
TIM1_CAP_COM_IRQHandler
                        0x008a5a    0x1  Code  Gb  stm8s_it.o [1]
TIM1_ClearITPendingBit  0x008a1d    0x5  Code  Gb  stm8s_tim1.o [1]
TIM1_UPD_OVF_TRG_BRK_IRQHandler
                        0x008644   0x49  Code  Gb  stm8s_it.o [1]
TIM2_CAP_COM_IRQHandler
                        0x008a5c    0x1  Code  Gb  stm8s_it.o [1]
TIM2_Cmd                0x00891d    0xd  Code  Gb  stm8s_tim2.o [1]
TIM2_DeInit             0x0085f5   0x4f  Code  Gb  stm8s_tim2.o [1]
TIM2_OC2Init            0x0087ad   0x22  Code  Gb  stm8s_tim2.o [1]
TIM2_OC3Init            0x0087f9   0x1c  Code  Gb  stm8s_tim2.o [1]
TIM2_SetCompare2        0x008a38    0x4  Code  Gb  stm8s_tim2.o [1]
TIM2_SetCompare3        0x008a3c    0x4  Code  Gb  stm8s_tim2.o [1]
TIM2_TimeBaseInit       0x0089ff    0x7  Code  Gb  stm8s_tim2.o [1]
TIM2_UPD_OVF_BRK_IRQHandler
                        0x008a5b    0x1  Code  Gb  stm8s_it.o [1]
TIM4_Config             0x008830   0x17  Code  Gb  init.o [1]
TIM4_ITConfig           0x00889b   0x11  Code  Gb  stm8s_tim4.o [1]
TIM4_TimeBaseInit       0x0089d1    0x9  Code  Gb  stm8s_tim4.o [1]
TIM4_UPD_OVF_IRQHandler
                        0x0088e7    0xe  Code  Gb  stm8s_it.o [1]
TLI_IRQHandler          0x008a51    0x1  Code  Gb  stm8s_it.o [1]
TRAP_IRQHandler         0x008a50    0x1  Code  Gb  stm8s_it.o [1]
UART1_RX_IRQHandler     0x008a5e    0x1  Code  Gb  stm8s_it.o [1]
UART1_TX_IRQHandler     0x008a5d    0x1  Code  Gb  stm8s_it.o [1]
__exit                  0x008a4e    0x2  Code  Gb  xxexit.o [3]
__iar_copy_init2        0x008763         Code  Gb  init_small.o [4]
__iar_data_init2        0x008847   0x17  Code  Gb  init.o [4]
__iar_program_start     0x008888         Code  Gb  cstartup.o [4]
__iar_unhandled_exception
                        0x008a49         Code  Gb  unhandled_exception.o [4]
__intvec                0x008000         Data  Gb  interrupt.o [4]
__low_level_init        0x008a43    0x3  Code  Gb  low_level_init.o [4]
_exit                   0x008a22         Code  Gb  cexit.o [4]
_interrupt_1            0x008a50         Code  Gb  stm8s_it.o [1]
_interrupt_12           0x008a59         Code  Gb  stm8s_it.o [1]
_interrupt_13           0x008644         Code  Gb  stm8s_it.o [1]
_interrupt_14           0x008a5a         Code  Gb  stm8s_it.o [1]
_interrupt_15           0x008a5b         Code  Gb  stm8s_it.o [1]
_interrupt_16           0x008a5c         Code  Gb  stm8s_it.o [1]
_interrupt_19           0x008a5d         Code  Gb  stm8s_it.o [1]
_interrupt_2            0x008a51         Code  Gb  stm8s_it.o [1]
_interrupt_20           0x008a5e         Code  Gb  stm8s_it.o [1]
_interrupt_21           0x008a5f         Code  Gb  stm8s_it.o [1]
_interrupt_24           0x008a60         Code  Gb  stm8s_it.o [1]
_interrupt_25           0x0088e7         Code  Gb  stm8s_it.o [1]
_interrupt_26           0x008a61         Code  Gb  stm8s_it.o [1]
_interrupt_3            0x008a52         Code  Gb  stm8s_it.o [1]
_interrupt_4            0x008a53         Code  Gb  stm8s_it.o [1]
_interrupt_5            0x008a54         Code  Gb  stm8s_it.o [1]
_interrupt_6            0x008a55         Code  Gb  stm8s_it.o [1]
_interrupt_7            0x008a56         Code  Gb  stm8s_it.o [1]
_interrupt_8            0x008a57         Code  Gb  stm8s_it.o [1]
_interrupt_9            0x008a58         Code  Gb  stm8s_it.o [1]
count                   0x000012    0x2  Data  Gb  tank_rx_main.o [1]
delay                   0x00896e    0x9  Code  Gb  functions.o [1]
exit                    0x008a46    0x3  Code  Gb  exit.o [4]
main                    0x008274  0x18a  Code  Gb  tank_rx_main.o [1]


[1] = D:\STM\STM8\Projects\IAR_STM8S003F3P6_24L01+\Release\Obj
[2] = command line
[3] = dbgstm8smn.a
[4] = dlstm8smn.a

  2 510 bytes of readonly  code memory
    148 bytes of readonly  data memory
    277 bytes of readwrite data memory

Errors: none
Warnings: none
